Archive member included to satisfy reference by file (symbol)

c:/st/stm32cubeide_1.9.0/stm32cubeide/plugins/com.st.stm32cube.ide.mcu.externaltools.gnu-tools-for-stm32.10.3-2021.10.win32_1.0.0.202111181127/tools/bin/../lib/gcc/arm-none-eabi/10.3.1/../../../../arm-none-eabi/lib/thumb/v7e-m+fp/hard\libc_nano.a(lib_a-errno.o)
                              ./Core/Src/syscalls.o (__errno)
c:/st/stm32cubeide_1.9.0/stm32cubeide/plugins/com.st.stm32cube.ide.mcu.externaltools.gnu-tools-for-stm32.10.3-2021.10.win32_1.0.0.202111181127/tools/bin/../lib/gcc/arm-none-eabi/10.3.1/../../../../arm-none-eabi/lib/thumb/v7e-m+fp/hard\libc_nano.a(lib_a-exit.o)
                              c:/st/stm32cubeide_1.9.0/stm32cubeide/plugins/com.st.stm32cube.ide.mcu.externaltools.gnu-tools-for-stm32.10.3-2021.10.win32_1.0.0.202111181127/tools/bin/../lib/gcc/arm-none-eabi/10.3.1/../../../../arm-none-eabi/lib/thumb/v7e-m+fp/hard/crt0.o (exit)
c:/st/stm32cubeide_1.9.0/stm32cubeide/plugins/com.st.stm32cube.ide.mcu.externaltools.gnu-tools-for-stm32.10.3-2021.10.win32_1.0.0.202111181127/tools/bin/../lib/gcc/arm-none-eabi/10.3.1/../../../../arm-none-eabi/lib/thumb/v7e-m+fp/hard\libc_nano.a(lib_a-impure.o)
                              c:/st/stm32cubeide_1.9.0/stm32cubeide/plugins/com.st.stm32cube.ide.mcu.externaltools.gnu-tools-for-stm32.10.3-2021.10.win32_1.0.0.202111181127/tools/bin/../lib/gcc/arm-none-eabi/10.3.1/../../../../arm-none-eabi/lib/thumb/v7e-m+fp/hard\libc_nano.a(lib_a-exit.o) (_global_impure_ptr)
c:/st/stm32cubeide_1.9.0/stm32cubeide/plugins/com.st.stm32cube.ide.mcu.externaltools.gnu-tools-for-stm32.10.3-2021.10.win32_1.0.0.202111181127/tools/bin/../lib/gcc/arm-none-eabi/10.3.1/../../../../arm-none-eabi/lib/thumb/v7e-m+fp/hard\libc_nano.a(lib_a-init.o)
                              c:/st/stm32cubeide_1.9.0/stm32cubeide/plugins/com.st.stm32cube.ide.mcu.externaltools.gnu-tools-for-stm32.10.3-2021.10.win32_1.0.0.202111181127/tools/bin/../lib/gcc/arm-none-eabi/10.3.1/../../../../arm-none-eabi/lib/thumb/v7e-m+fp/hard/crt0.o (__libc_init_array)
c:/st/stm32cubeide_1.9.0/stm32cubeide/plugins/com.st.stm32cube.ide.mcu.externaltools.gnu-tools-for-stm32.10.3-2021.10.win32_1.0.0.202111181127/tools/bin/../lib/gcc/arm-none-eabi/10.3.1/../../../../arm-none-eabi/lib/thumb/v7e-m+fp/hard\libc_nano.a(lib_a-memset.o)
                              c:/st/stm32cubeide_1.9.0/stm32cubeide/plugins/com.st.stm32cube.ide.mcu.externaltools.gnu-tools-for-stm32.10.3-2021.10.win32_1.0.0.202111181127/tools/bin/../lib/gcc/arm-none-eabi/10.3.1/../../../../arm-none-eabi/lib/thumb/v7e-m+fp/hard/crt0.o (memset)
c:/st/stm32cubeide_1.9.0/stm32cubeide/plugins/com.st.stm32cube.ide.mcu.externaltools.gnu-tools-for-stm32.10.3-2021.10.win32_1.0.0.202111181127/tools/bin/../lib/gcc/arm-none-eabi/10.3.1/thumb/v7e-m+fp/hard\libgcc.a(_aeabi_uldivmod.o)
                              ./Drivers/STM32F4xx_HAL_Driver/Src/stm32f4xx_hal_rcc.o (__aeabi_uldivmod)
c:/st/stm32cubeide_1.9.0/stm32cubeide/plugins/com.st.stm32cube.ide.mcu.externaltools.gnu-tools-for-stm32.10.3-2021.10.win32_1.0.0.202111181127/tools/bin/../lib/gcc/arm-none-eabi/10.3.1/thumb/v7e-m+fp/hard\libgcc.a(_udivmoddi4.o)
                              c:/st/stm32cubeide_1.9.0/stm32cubeide/plugins/com.st.stm32cube.ide.mcu.externaltools.gnu-tools-for-stm32.10.3-2021.10.win32_1.0.0.202111181127/tools/bin/../lib/gcc/arm-none-eabi/10.3.1/thumb/v7e-m+fp/hard\libgcc.a(_aeabi_uldivmod.o) (__udivmoddi4)
c:/st/stm32cubeide_1.9.0/stm32cubeide/plugins/com.st.stm32cube.ide.mcu.externaltools.gnu-tools-for-stm32.10.3-2021.10.win32_1.0.0.202111181127/tools/bin/../lib/gcc/arm-none-eabi/10.3.1/thumb/v7e-m+fp/hard\libgcc.a(_dvmd_tls.o)
                              c:/st/stm32cubeide_1.9.0/stm32cubeide/plugins/com.st.stm32cube.ide.mcu.externaltools.gnu-tools-for-stm32.10.3-2021.10.win32_1.0.0.202111181127/tools/bin/../lib/gcc/arm-none-eabi/10.3.1/thumb/v7e-m+fp/hard\libgcc.a(_aeabi_uldivmod.o) (__aeabi_ldiv0)

Discarded input sections

 .text          0x0000000000000000        0x0 c:/st/stm32cubeide_1.9.0/stm32cubeide/plugins/com.st.stm32cube.ide.mcu.externaltools.gnu-tools-for-stm32.10.3-2021.10.win32_1.0.0.202111181127/tools/bin/../lib/gcc/arm-none-eabi/10.3.1/thumb/v7e-m+fp/hard/crti.o
 .data          0x0000000000000000        0x0 c:/st/stm32cubeide_1.9.0/stm32cubeide/plugins/com.st.stm32cube.ide.mcu.externaltools.gnu-tools-for-stm32.10.3-2021.10.win32_1.0.0.202111181127/tools/bin/../lib/gcc/arm-none-eabi/10.3.1/thumb/v7e-m+fp/hard/crti.o
 .bss           0x0000000000000000        0x0 c:/st/stm32cubeide_1.9.0/stm32cubeide/plugins/com.st.stm32cube.ide.mcu.externaltools.gnu-tools-for-stm32.10.3-2021.10.win32_1.0.0.202111181127/tools/bin/../lib/gcc/arm-none-eabi/10.3.1/thumb/v7e-m+fp/hard/crti.o
[...]
Memory Configuration

Name             Origin             Length             Attributes
CCMRAM           0x0000000010000000 0x0000000000010000 xrw
RAM              0x0000000020000000 0x0000000000030000 xrw
FLASH            0x0000000008000000 0x0000000000200000 xr
*default*        0x0000000000000000 0xffffffffffffffff

Linker script and memory map

LOAD c:/st/stm32cubeide_1.9.0/stm32cubeide/plugins/com.st.stm32cube.ide.mcu.externaltools.gnu-tools-for-stm32.10.3-2021.10.win32_1.0.0.202111181127/tools/bin/../lib/gcc/arm-none-eabi/10.3.1/thumb/v7e-m+fp/hard/crti.o
LOAD c:/st/stm32cubeide_1.9.0/stm32cubeide/plugins/com.st.stm32cube.ide.mcu.externaltools.gnu-tools-for-stm32.10.3-2021.10.win32_1.0.0.202111181127/tools/bin/../lib/gcc/arm-none-eabi/10.3.1/thumb/v7e-m+fp/hard/crtbegin.o
LOAD c:/st/stm32cubeide_1.9.0/stm32cubeide/plugins/com.st.stm32cube.ide.mcu.externaltools.gnu-tools-for-stm32.10.3-2021.10.win32_1.0.0.202111181127/tools/bin/../lib/gcc/arm-none-eabi/10.3.1/../../../../arm-none-eabi/lib/thumb/v7e-m+fp/hard/crt0.o
LOAD ./Core/Src/main.o
LOAD ./Core/Src/stm32f4xx_hal_msp.o
LOAD ./Core/Src/stm32f4xx_it.o
LOAD ./Core/Src/syscalls.o
LOAD ./Core/Src/sysmem.o
LOAD ./Core/Src/system_stm32f4xx.o
LOAD ./Core/Startup/startup_stm32f429zitx.o
LOAD ./Drivers/STM32F4xx_HAL_Driver/Src/stm32f4xx_hal.o
LOAD ./Drivers/STM32F4xx_HAL_Driver/Src/stm32f4xx_hal_cortex.o
LOAD ./Drivers/STM32F4xx_HAL_Driver/Src/stm32f4xx_hal_dma.o
LOAD ./Drivers/STM32F4xx_HAL_Driver/Src/stm32f4xx_hal_dma_ex.o
LOAD ./Drivers/STM32F4xx_HAL_Driver/Src/stm32f4xx_hal_exti.o
LOAD ./Drivers/STM32F4xx_HAL_Driver/Src/stm32f4xx_hal_flash.o
LOAD ./Drivers/STM32F4xx_HAL_Driver/Src/stm32f4xx_hal_flash_ex.o
LOAD ./Drivers/STM32F4xx_HAL_Driver/Src/stm32f4xx_hal_flash_ramfunc.o
LOAD ./Drivers/STM32F4xx_HAL_Driver/Src/stm32f4xx_hal_gpio.o
LOAD ./Drivers/STM32F4xx_HAL_Driver/Src/stm32f4xx_hal_pwr.o
LOAD ./Drivers/STM32F4xx_HAL_Driver/Src/stm32f4xx_hal_pwr_ex.o
LOAD ./Drivers/STM32F4xx_HAL_Driver/Src/stm32f4xx_hal_rcc.o
LOAD ./Drivers/STM32F4xx_HAL_Driver/Src/stm32f4xx_hal_rcc_ex.o
LOAD ./Drivers/STM32F4xx_HAL_Driver/Src/stm32f4xx_hal_tim.o
LOAD ./Drivers/STM32F4xx_HAL_Driver/Src/stm32f4xx_hal_tim_ex.o
START GROUP
LOAD c:/st/stm32cubeide_1.9.0/stm32cubeide/plugins/com.st.stm32cube.ide.mcu.externaltools.gnu-tools-for-stm32.10.3-2021.10.win32_1.0.0.202111181127/tools/bin/../lib/gcc/arm-none-eabi/10.3.1/../../../../arm-none-eabi/lib/thumb/v7e-m+fp/hard\libc_nano.a
LOAD c:/st/stm32cubeide_1.9.0/stm32cubeide/plugins/com.st.stm32cube.ide.mcu.externaltools.gnu-tools-for-stm32.10.3-2021.10.win32_1.0.0.202111181127/tools/bin/../lib/gcc/arm-none-eabi/10.3.1/../../../../arm-none-eabi/lib/thumb/v7e-m+fp/hard\libm.a
END GROUP
START GROUP
LOAD c:/st/stm32cubeide_1.9.0/stm32cubeide/plugins/com.st.stm32cube.ide.mcu.externaltools.gnu-tools-for-stm32.10.3-2021.10.win32_1.0.0.202111181127/tools/bin/../lib/gcc/arm-none-eabi/10.3.1/thumb/v7e-m+fp/hard\libgcc.a
LOAD c:/st/stm32cubeide_1.9.0/stm32cubeide/plugins/com.st.stm32cube.ide.mcu.externaltools.gnu-tools-for-stm32.10.3-2021.10.win32_1.0.0.202111181127/tools/bin/../lib/gcc/arm-none-eabi/10.3.1/../../../../arm-none-eabi/lib/thumb/v7e-m+fp/hard\libc_nano.a
END GROUP
START GROUP
LOAD c:/st/stm32cubeide_1.9.0/stm32cubeide/plugins/com.st.stm32cube.ide.mcu.externaltools.gnu-tools-for-stm32.10.3-2021.10.win32_1.0.0.202111181127/tools/bin/../lib/gcc/arm-none-eabi/10.3.1/thumb/v7e-m+fp/hard\libgcc.a
LOAD c:/st/stm32cubeide_1.9.0/stm32cubeide/plugins/com.st.stm32cube.ide.mcu.externaltools.gnu-tools-for-stm32.10.3-2021.10.win32_1.0.0.202111181127/tools/bin/../lib/gcc/arm-none-eabi/10.3.1/../../../../arm-none-eabi/lib/thumb/v7e-m+fp/hard\libc_nano.a
LOAD c:/st/stm32cubeide_1.9.0/stm32cubeide/plugins/com.st.stm32cube.ide.mcu.externaltools.gnu-tools-for-stm32.10.3-2021.10.win32_1.0.0.202111181127/tools/bin/../lib/gcc/arm-none-eabi/10.3.1/../../../../arm-none-eabi/lib/thumb/v7e-m+fp/hard\libnosys.a
END GROUP
START GROUP
LOAD c:/st/stm32cubeide_1.9.0/stm32cubeide/plugins/com.st.stm32cube.ide.mcu.externaltools.gnu-tools-for-stm32.10.3-2021.10.win32_1.0.0.202111181127/tools/bin/../lib/gcc/arm-none-eabi/10.3.1/thumb/v7e-m+fp/hard\libgcc.a
LOAD c:/st/stm32cubeide_1.9.0/stm32cubeide/plugins/com.st.stm32cube.ide.mcu.externaltools.gnu-tools-for-stm32.10.3-2021.10.win32_1.0.0.202111181127/tools/bin/../lib/gcc/arm-none-eabi/10.3.1/../../../../arm-none-eabi/lib/thumb/v7e-m+fp/hard\libc_nano.a
LOAD c:/st/stm32cubeide_1.9.0/stm32cubeide/plugins/com.st.stm32cube.ide.mcu.externaltools.gnu-tools-for-stm32.10.3-2021.10.win32_1.0.0.202111181127/tools/bin/../lib/gcc/arm-none-eabi/10.3.1/../../../../arm-none-eabi/lib/thumb/v7e-m+fp/hard\libnosys.a
END GROUP
LOAD c:/st/stm32cubeide_1.9.0/stm32cubeide/plugins/com.st.stm32cube.ide.mcu.externaltools.gnu-tools-for-stm32.10.3-2021.10.win32_1.0.0.202111181127/tools/bin/../lib/gcc/arm-none-eabi/10.3.1/thumb/v7e-m+fp/hard/crtend.o
LOAD c:/st/stm32cubeide_1.9.0/stm32cubeide/plugins/com.st.stm32cube.ide.mcu.externaltools.gnu-tools-for-stm32.10.3-2021.10.win32_1.0.0.202111181127/tools/bin/../lib/gcc/arm-none-eabi/10.3.1/thumb/v7e-m+fp/hard/crtn.o
                0x0000000020030000                _estack = (ORIGIN (RAM) + LENGTH (RAM))
                0x0000000000000200                _Min_Heap_Size = 0x200
                0x0000000000000400                _Min_Stack_Size = 0x400

.isr_vector     0x0000000008000000      0x1ac
                0x0000000008000000                . = ALIGN (0x4)
 *(.isr_vector)
 .isr_vector    0x0000000008000000      0x1ac ./Core/Startup/startup_stm32f429zitx.o
                0x0000000008000000                g_pfnVectors
                0x00000000080001ac                . = ALIGN (0x4)

.text           0x00000000080001ac     0x18a4
                0x00000000080001ac                . = ALIGN (0x4)
 *(.text)
 .text          0x00000000080001ac       0x40 c:/st/stm32cubeide_1.9.0/stm32cubeide/plugins/com.st.stm32cube.ide.mcu.externaltools.gnu-tools-for-stm32.10.3-2021.10.win32_1.0.0.202111181127/tools/bin/../lib/gcc/arm-none-eabi/10.3.1/thumb/v7e-m+fp/hard/crtbegin.o
 .text          0x00000000080001ec       0x30 c:/st/stm32cubeide_1.9.0/stm32cubeide/plugins/com.st.stm32cube.ide.mcu.externaltools.gnu-tools-for-stm32.10.3-2021.10.win32_1.0.0.202111181127/tools/bin/../lib/gcc/arm-none-eabi/10.3.1/thumb/v7e-m+fp/hard\libgcc.a(_aeabi_uldivmod.o)
                0x00000000080001ec                __aeabi_uldivmod
 .text          0x000000000800021c      0x2d0 c:/st/stm32cubeide_1.9.0/stm32cubeide/plugins/com.st.stm32cube.ide.mcu.externaltools.gnu-tools-for-stm32.10.3-2021.10.win32_1.0.0.202111181127/tools/bin/../lib/gcc/arm-none-eabi/10.3.1/thumb/v7e-m+fp/hard\libgcc.a(_udivmoddi4.o)
                0x000000000800021c                __udivmoddi4
 .text          0x00000000080004ec        0x4 c:/st/stm32cubeide_1.9.0/stm32cubeide/plugins/com.st.stm32cube.ide.mcu.externaltools.gnu-tools-for-stm32.10.3-2021.10.win32_1.0.0.202111181127/tools/bin/../lib/gcc/arm-none-eabi/10.3.1/thumb/v7e-m+fp/hard\libgcc.a(_dvmd_tls.o)
                0x00000000080004ec                __aeabi_idiv0
                0x00000000080004ec                __aeabi_ldiv0
 *(.text*)
 .text.leds_sequence
                0x00000000080004f0      0x1b0 ./Core/Src/main.o
                0x00000000080004f0                leds_sequence
 .text.main     0x00000000080006a0       0x16 ./Core/Src/main.o
                0x00000000080006a0                main
 *fill*         0x00000000080006b6        0x2 
 .text.SystemClock_Config
                0x00000000080006b8       0xd8 ./Core/Src/main.o
                0x00000000080006b8                SystemClock_Config
 .text.MX_GPIO_Init
                0x0000000008000790       0xd4 ./Core/Src/main.o
 .text.HAL_GPIO_EXTI_Callback
                0x0000000008000864       0x3c ./Core/Src/main.o
                0x0000000008000864                HAL_GPIO_EXTI_Callback
 .text.Error_Handler
                0x00000000080008a0        0xa ./Core/Src/main.o
                0x00000000080008a0                Error_Handler
 *fill*         0x00000000080008aa        0x2 
 .text.HAL_MspInit
                0x00000000080008ac       0x50 ./Core/Src/stm32f4xx_hal_msp.o
                0x00000000080008ac                HAL_MspInit
 .text.NMI_Handler
                0x00000000080008fc        0x6 ./Core/Src/stm32f4xx_it.o
                0x00000000080008fc                NMI_Handler
 .text.HardFault_Handler
                0x0000000008000902        0x6 ./Core/Src/stm32f4xx_it.o
                0x0000000008000902                HardFault_Handler
 .text.MemManage_Handler
                0x0000000008000908        0x6 ./Core/Src/stm32f4xx_it.o
                0x0000000008000908                MemManage_Handler
 .text.BusFault_Handler
                0x000000000800090e        0x6 ./Core/Src/stm32f4xx_it.o
                0x000000000800090e                BusFault_Handler
 .text.UsageFault_Handler
                0x0000000008000914        0x6 ./Core/Src/stm32f4xx_it.o
                0x0000000008000914                UsageFault_Handler
 .text.SVC_Handler
                0x000000000800091a        0xe ./Core/Src/stm32f4xx_it.o
                0x000000000800091a                SVC_Handler
 .text.DebugMon_Handler
                0x0000000008000928        0xe ./Core/Src/stm32f4xx_it.o
                0x0000000008000928                DebugMon_Handler
 .text.PendSV_Handler
                0x0000000008000936        0xe ./Core/Src/stm32f4xx_it.o
                0x0000000008000936                PendSV_Handler
 .text.SysTick_Handler
                0x0000000008000944        0xc ./Core/Src/stm32f4xx_it.o
                0x0000000008000944                SysTick_Handler
 .text.EXTI0_IRQHandler
                0x0000000008000950        0xe ./Core/Src/stm32f4xx_it.o
                0x0000000008000950                EXTI0_IRQHandler
 *fill*         0x000000000800095e        0x2 
 .text.SystemInit
                0x0000000008000960       0x24 ./Core/Src/system_stm32f4xx.o
                0x0000000008000960                SystemInit
 .text.Reset_Handler
                0x0000000008000984       0x50 ./Core/Startup/startup_stm32f429zitx.o
                0x0000000008000984                Reset_Handler
 .text.Default_Handler
                0x00000000080009d4        0x2 ./Core/Startup/startup_stm32f429zitx.o
                0x00000000080009d4                RTC_Alarm_IRQHandler
                0x00000000080009d4                HASH_RNG_IRQHandler
                0x00000000080009d4                EXTI2_IRQHandler
                0x00000000080009d4                TIM8_CC_IRQHandler
                0x00000000080009d4                UART8_IRQHandler
                0x00000000080009d4                SPI4_IRQHandler
                0x00000000080009d4                TIM1_CC_IRQHandler
                0x00000000080009d4                DMA2_Stream5_IRQHandler
                0x00000000080009d4                DMA1_Stream5_IRQHandler
                0x00000000080009d4                PVD_IRQHandler
                0x00000000080009d4                SDIO_IRQHandler
                0x00000000080009d4                TAMP_STAMP_IRQHandler
                0x00000000080009d4                CAN2_RX1_IRQHandler
                0x00000000080009d4                EXTI3_IRQHandler
                0x00000000080009d4                TIM8_TRG_COM_TIM14_IRQHandler
                0x00000000080009d4                TIM1_UP_TIM10_IRQHandler
                0x00000000080009d4                TIM8_UP_TIM13_IRQHandler
                0x00000000080009d4                I2C3_ER_IRQHandler
                0x00000000080009d4                I2C2_EV_IRQHandler
                0x00000000080009d4                DMA1_Stream2_IRQHandler
                0x00000000080009d4                CAN1_RX0_IRQHandler
                0x00000000080009d4                FPU_IRQHandler
                0x00000000080009d4                OTG_HS_WKUP_IRQHandler
                0x00000000080009d4                LTDC_ER_IRQHandler
                0x00000000080009d4                CAN2_SCE_IRQHandler
                0x00000000080009d4                DMA2_Stream2_IRQHandler
                0x00000000080009d4                SPI1_IRQHandler
                0x00000000080009d4                TIM6_DAC_IRQHandler
                0x00000000080009d4                TIM1_BRK_TIM9_IRQHandler
                0x00000000080009d4                DCMI_IRQHandler
                0x00000000080009d4                CAN2_RX0_IRQHandler
                0x00000000080009d4                DMA2_Stream3_IRQHandler
                0x00000000080009d4                USART6_IRQHandler
                0x00000000080009d4                USART3_IRQHandler
                0x00000000080009d4                CAN1_RX1_IRQHandler
                0x00000000080009d4                UART5_IRQHandler
                0x00000000080009d4                DMA2_Stream0_IRQHandler
                0x00000000080009d4                TIM4_IRQHandler
                0x00000000080009d4                I2C1_EV_IRQHandler
                0x00000000080009d4                DMA1_Stream6_IRQHandler
                0x00000000080009d4                DMA1_Stream1_IRQHandler
                0x00000000080009d4                UART4_IRQHandler
                0x00000000080009d4                TIM3_IRQHandler
                0x00000000080009d4                RCC_IRQHandler
                0x00000000080009d4                TIM8_BRK_TIM12_IRQHandler
                0x00000000080009d4                Default_Handler
                0x00000000080009d4                EXTI15_10_IRQHandler
                0x00000000080009d4                ADC_IRQHandler
                0x00000000080009d4                DMA1_Stream7_IRQHandler
                0x00000000080009d4                SPI5_IRQHandler
                0x00000000080009d4                TIM7_IRQHandler
                0x00000000080009d4                CAN2_TX_IRQHandler
                0x00000000080009d4                TIM5_IRQHandler
                0x00000000080009d4                DMA2_Stream7_IRQHandler
                0x00000000080009d4                I2C3_EV_IRQHandler
                0x00000000080009d4                EXTI9_5_IRQHandler
                0x00000000080009d4                RTC_WKUP_IRQHandler
                0x00000000080009d4                LTDC_IRQHandler
                0x00000000080009d4                ETH_WKUP_IRQHandler
                0x00000000080009d4                SPI2_IRQHandler
                0x00000000080009d4                OTG_HS_EP1_IN_IRQHandler
                0x00000000080009d4                DMA1_Stream0_IRQHandler
                0x00000000080009d4                CAN1_TX_IRQHandler
                0x00000000080009d4                EXTI4_IRQHandler
                0x00000000080009d4                ETH_IRQHandler
                0x00000000080009d4                OTG_HS_EP1_OUT_IRQHandler
                0x00000000080009d4                WWDG_IRQHandler
                0x00000000080009d4                SPI6_IRQHandler
                0x00000000080009d4                TIM2_IRQHandler
                0x00000000080009d4                OTG_FS_WKUP_IRQHandler
                0x00000000080009d4                TIM1_TRG_COM_TIM11_IRQHandler
                0x00000000080009d4                OTG_HS_IRQHandler
                0x00000000080009d4                DMA2D_IRQHandler
                0x00000000080009d4                EXTI1_IRQHandler
                0x00000000080009d4                UART7_IRQHandler
                0x00000000080009d4                USART2_IRQHandler
                0x00000000080009d4                I2C2_ER_IRQHandler
                0x00000000080009d4                DMA2_Stream1_IRQHandler
                0x00000000080009d4                CAN1_SCE_IRQHandler
                0x00000000080009d4                FLASH_IRQHandler
                0x00000000080009d4                DMA2_Stream4_IRQHandler
                0x00000000080009d4                USART1_IRQHandler
                0x00000000080009d4                OTG_FS_IRQHandler
                0x00000000080009d4                SPI3_IRQHandler
                0x00000000080009d4                DMA1_Stream4_IRQHandler
                0x00000000080009d4                I2C1_ER_IRQHandler
                0x00000000080009d4                FMC_IRQHandler
                0x00000000080009d4                DMA2_Stream6_IRQHandler
                0x00000000080009d4                SAI1_IRQHandler
                0x00000000080009d4                DMA1_Stream3_IRQHandler
 *fill*         0x00000000080009d6        0x2 
 .text.HAL_Init
                0x00000000080009d8       0x44 ./Drivers/STM32F4xx_HAL_Driver/Src/stm32f4xx_hal.o
                0x00000000080009d8                HAL_Init
 .text.HAL_InitTick
                0x0000000008000a1c       0x60 ./Drivers/STM32F4xx_HAL_Driver/Src/stm32f4xx_hal.o
                0x0000000008000a1c                HAL_InitTick
 .text.HAL_IncTick
                0x0000000008000a7c       0x28 ./Drivers/STM32F4xx_HAL_Driver/Src/stm32f4xx_hal.o
                0x0000000008000a7c                HAL_IncTick
 .text.HAL_GetTick
                0x0000000008000aa4       0x18 ./Drivers/STM32F4xx_HAL_Driver/Src/stm32f4xx_hal.o
                0x0000000008000aa4                HAL_GetTick
 .text.HAL_Delay
                0x0000000008000abc       0x48 ./Drivers/STM32F4xx_HAL_Driver/Src/stm32f4xx_hal.o
                0x0000000008000abc                HAL_Delay
 .text.__NVIC_SetPriorityGrouping
                0x0000000008000b04       0x48 ./Drivers/STM32F4xx_HAL_Driver/Src/stm32f4xx_hal_cortex.o
 .text.__NVIC_GetPriorityGrouping
                0x0000000008000b4c       0x1c ./Drivers/STM32F4xx_HAL_Driver/Src/stm32f4xx_hal_cortex.o
 .text.__NVIC_EnableIRQ
                0x0000000008000b68       0x3c ./Drivers/STM32F4xx_HAL_Driver/Src/stm32f4xx_hal_cortex.o
 .text.__NVIC_SetPriority
                0x0000000008000ba4       0x54 ./Drivers/STM32F4xx_HAL_Driver/Src/stm32f4xx_hal_cortex.o
 .text.NVIC_EncodePriority
                0x0000000008000bf8       0x66 ./Drivers/STM32F4xx_HAL_Driver/Src/stm32f4xx_hal_cortex.o
 *fill*         0x0000000008000c5e        0x2 
 .text.SysTick_Config
                0x0000000008000c60       0x44 ./Drivers/STM32F4xx_HAL_Driver/Src/stm32f4xx_hal_cortex.o
 .text.HAL_NVIC_SetPriorityGrouping
                0x0000000008000ca4       0x16 ./Drivers/STM32F4xx_HAL_Driver/Src/stm32f4xx_hal_cortex.o
                0x0000000008000ca4                HAL_NVIC_SetPriorityGrouping
 .text.HAL_NVIC_SetPriority
                0x0000000008000cba       0x38 ./Drivers/STM32F4xx_HAL_Driver/Src/stm32f4xx_hal_cortex.o
                0x0000000008000cba                HAL_NVIC_SetPriority
 .text.HAL_NVIC_EnableIRQ
                0x0000000008000cf2       0x1c ./Drivers/STM32F4xx_HAL_Driver/Src/stm32f4xx_hal_cortex.o
                0x0000000008000cf2                HAL_NVIC_EnableIRQ
 .text.HAL_SYSTICK_Config
                0x0000000008000d0e       0x18 ./Drivers/STM32F4xx_HAL_Driver/Src/stm32f4xx_hal_cortex.o
                0x0000000008000d0e                HAL_SYSTICK_Config
 *fill*         0x0000000008000d26        0x2 
 .text.HAL_GPIO_Init
                0x0000000008000d28      0x358 ./Drivers/STM32F4xx_HAL_Driver/Src/stm32f4xx_hal_gpio.o
                0x0000000008000d28                HAL_GPIO_Init
 .text.HAL_GPIO_WritePin
                0x0000000008001080       0x32 ./Drivers/STM32F4xx_HAL_Driver/Src/stm32f4xx_hal_gpio.o
                0x0000000008001080                HAL_GPIO_WritePin
 .text.HAL_GPIO_TogglePin
                0x00000000080010b2       0x34 ./Drivers/STM32F4xx_HAL_Driver/Src/stm32f4xx_hal_gpio.o
                0x00000000080010b2                HAL_GPIO_TogglePin
 *fill*         0x00000000080010e6        0x2 
 .text.HAL_GPIO_EXTI_IRQHandler
                0x00000000080010e8       0x30 ./Drivers/STM32F4xx_HAL_Driver/Src/stm32f4xx_hal_gpio.o
                0x00000000080010e8                HAL_GPIO_EXTI_IRQHandler
 .text.HAL_RCC_OscConfig
                0x0000000008001118      0x4f0 ./Drivers/STM32F4xx_HAL_Driver/Src/stm32f4xx_hal_rcc.o
                0x0000000008001118                HAL_RCC_OscConfig
 .text.HAL_RCC_ClockConfig
                0x0000000008001608      0x1cc ./Drivers/STM32F4xx_HAL_Driver/Src/stm32f4xx_hal_rcc.o
                0x0000000008001608                HAL_RCC_ClockConfig
 .text.HAL_RCC_GetSysClockFreq
                0x00000000080017d4      0x20c ./Drivers/STM32F4xx_HAL_Driver/Src/stm32f4xx_hal_rcc.o
                0x00000000080017d4                HAL_RCC_GetSysClockFreq
 .text.__libc_init_array
                0x00000000080019e0       0x48 c:/st/stm32cubeide_1.9.0/stm32cubeide/plugins/com.st.stm32cube.ide.mcu.externaltools.gnu-tools-for-stm32.10.3-2021.10.win32_1.0.0.202111181127/tools/bin/../lib/gcc/arm-none-eabi/10.3.1/../../../../arm-none-eabi/lib/thumb/v7e-m+fp/hard\libc_nano.a(lib_a-init.o)
                0x00000000080019e0                __libc_init_array
 .text.memset   0x0000000008001a28       0x10 c:/st/stm32cubeide_1.9.0/stm32cubeide/plugins/com.st.stm32cube.ide.mcu.externaltools.gnu-tools-for-stm32.10.3-2021.10.win32_1.0.0.202111181127/tools/bin/../lib/gcc/arm-none-eabi/10.3.1/../../../../arm-none-eabi/lib/thumb/v7e-m+fp/hard\libc_nano.a(lib_a-memset.o)
                0x0000000008001a28                memset
 *(.glue_7)
 .glue_7        0x0000000008001a38        0x0 linker stubs
 *(.glue_7t)
 .glue_7t       0x0000000008001a38        0x0 linker stubs
 *(.eh_frame)
 .eh_frame      0x0000000008001a38        0x0 c:/st/stm32cubeide_1.9.0/stm32cubeide/plugins/com.st.stm32cube.ide.mcu.externaltools.gnu-tools-for-stm32.10.3-2021.10.win32_1.0.0.202111181127/tools/bin/../lib/gcc/arm-none-eabi/10.3.1/thumb/v7e-m+fp/hard/crtbegin.o
 *(.init)
 .init          0x0000000008001a38        0x4 c:/st/stm32cubeide_1.9.0/stm32cubeide/plugins/com.st.stm32cube.ide.mcu.externaltools.gnu-tools-for-stm32.10.3-2021.10.win32_1.0.0.202111181127/tools/bin/../lib/gcc/arm-none-eabi/10.3.1/thumb/v7e-m+fp/hard/crti.o
                0x0000000008001a38                _init
 .init          0x0000000008001a3c        0x8 c:/st/stm32cubeide_1.9.0/stm32cubeide/plugins/com.st.stm32cube.ide.mcu.externaltools.gnu-tools-for-stm32.10.3-2021.10.win32_1.0.0.202111181127/tools/bin/../lib/gcc/arm-none-eabi/10.3.1/thumb/v7e-m+fp/hard/crtn.o
 *(.fini)
 .fini          0x0000000008001a44        0x4 c:/st/stm32cubeide_1.9.0/stm32cubeide/plugins/com.st.stm32cube.ide.mcu.externaltools.gnu-tools-for-stm32.10.3-2021.10.win32_1.0.0.202111181127/tools/bin/../lib/gcc/arm-none-eabi/10.3.1/thumb/v7e-m+fp/hard/crti.o
                0x0000000008001a44                _fini
 .fini          0x0000000008001a48        0x8 c:/st/stm32cubeide_1.9.0/stm32cubeide/plugins/com.st.stm32cube.ide.mcu.externaltools.gnu-tools-for-stm32.10.3-2021.10.win32_1.0.0.202111181127/tools/bin/../lib/gcc/arm-none-eabi/10.3.1/thumb/v7e-m+fp/hard/crtn.o
                0x0000000008001a50                . = ALIGN (0x4)
                0x0000000008001a50                _etext = .

.vfp11_veneer   0x0000000008001a50        0x0
 .vfp11_veneer  0x0000000008001a50        0x0 linker stubs

.v4_bx          0x0000000008001a50        0x0
 .v4_bx         0x0000000008001a50        0x0 linker stubs

.iplt           0x0000000008001a50        0x0
 .iplt          0x0000000008001a50        0x0 c:/st/stm32cubeide_1.9.0/stm32cubeide/plugins/com.st.stm32cube.ide.mcu.externaltools.gnu-tools-for-stm32.10.3-2021.10.win32_1.0.0.202111181127/tools/bin/../lib/gcc/arm-none-eabi/10.3.1/thumb/v7e-m+fp/hard/crtbegin.o

.rodata         0x0000000008001a50       0x10
                0x0000000008001a50                . = ALIGN (0x4)
 *(.rodata)
 *(.rodata*)
 .rodata.AHBPrescTable
                0x0000000008001a50       0x10 ./Core/Src/system_stm32f4xx.o
                0x0000000008001a50                AHBPrescTable
                0x0000000008001a60                . = ALIGN (0x4)

.ARM.extab      0x0000000008001a60        0x0
                0x0000000008001a60                . = ALIGN (0x4)
 *(.ARM.extab* .gnu.linkonce.armextab.*)
                0x0000000008001a60                . = ALIGN (0x4)

.ARM            0x0000000008001a60        0x8
                0x0000000008001a60                . = ALIGN (0x4)
                0x0000000008001a60                __exidx_start = .
 *(.ARM.exidx*)
 .ARM.exidx     0x0000000008001a60        0x8 c:/st/stm32cubeide_1.9.0/stm32cubeide/plugins/com.st.stm32cube.ide.mcu.externaltools.gnu-tools-for-stm32.10.3-2021.10.win32_1.0.0.202111181127/tools/bin/../lib/gcc/arm-none-eabi/10.3.1/thumb/v7e-m+fp/hard\libgcc.a(_udivmoddi4.o)
                0x0000000008001a68                __exidx_end = .
                0x0000000008001a68                . = ALIGN (0x4)

.rel.dyn        0x0000000008001a68        0x0
 .rel.iplt      0x0000000008001a68        0x0 c:/st/stm32cubeide_1.9.0/stm32cubeide/plugins/com.st.stm32cube.ide.mcu.externaltools.gnu-tools-for-stm32.10.3-2021.10.win32_1.0.0.202111181127/tools/bin/../lib/gcc/arm-none-eabi/10.3.1/thumb/v7e-m+fp/hard/crtbegin.o

.preinit_array  0x0000000008001a68        0x0
                0x0000000008001a68                . = ALIGN (0x4)
                0x0000000008001a68                PROVIDE (__preinit_array_start = .)
 *(.preinit_array*)
                0x0000000008001a68                PROVIDE (__preinit_array_end = .)
                0x0000000008001a68                . = ALIGN (0x4)

.init_array     0x0000000008001a68        0x4
                0x0000000008001a68                . = ALIGN (0x4)
                0x0000000008001a68                PROVIDE (__init_array_start = .)
 *(SORT_BY_NAME(.init_array.*))
 *(.init_array*)
 .init_array    0x0000000008001a68        0x4 c:/st/stm32cubeide_1.9.0/stm32cubeide/plugins/com.st.stm32cube.ide.mcu.externaltools.gnu-tools-for-stm32.10.3-2021.10.win32_1.0.0.202111181127/tools/bin/../lib/gcc/arm-none-eabi/10.3.1/thumb/v7e-m+fp/hard/crtbegin.o
                0x0000000008001a6c                PROVIDE (__init_array_end = .)
                0x0000000008001a6c                . = ALIGN (0x4)

.fini_array     0x0000000008001a6c        0x4
                0x0000000008001a6c                . = ALIGN (0x4)
                [!provide]                        PROVIDE (__fini_array_start = .)
 *(SORT_BY_NAME(.fini_array.*))
 *(.fini_array*)
 .fini_array    0x0000000008001a6c        0x4 c:/st/stm32cubeide_1.9.0/stm32cubeide/plugins/com.st.stm32cube.ide.mcu.externaltools.gnu-tools-for-stm32.10.3-2021.10.win32_1.0.0.202111181127/tools/bin/../lib/gcc/arm-none-eabi/10.3.1/thumb/v7e-m+fp/hard/crtbegin.o
                [!provide]                        PROVIDE (__fini_array_end = .)
                0x0000000008001a70                . = ALIGN (0x4)
                0x0000000008001a70                _sidata = LOADADDR (.data)

.data           0x0000000020000000        0xc load address 0x0000000008001a70
                0x0000000020000000                . = ALIGN (0x4)
                0x0000000020000000                _sdata = .
 *(.data)
 *(.data*)
 .data.SystemCoreClock
                0x0000000020000000        0x4 ./Core/Src/system_stm32f4xx.o
                0x0000000020000000                SystemCoreClock
 .data.uwTickPrio
                0x0000000020000004        0x4 ./Drivers/STM32F4xx_HAL_Driver/Src/stm32f4xx_hal.o
                0x0000000020000004                uwTickPrio
 .data.uwTickFreq
                0x0000000020000008        0x1 ./Drivers/STM32F4xx_HAL_Driver/Src/stm32f4xx_hal.o
                0x0000000020000008                uwTickFreq
 *(.RamFunc)
 *(.RamFunc*)
                0x000000002000000c                . = ALIGN (0x4)
 *fill*         0x0000000020000009        0x3 
                0x000000002000000c                _edata = .

.igot.plt       0x000000002000000c        0x0 load address 0x0000000008001a7c
 .igot.plt      0x000000002000000c        0x0 c:/st/stm32cubeide_1.9.0/stm32cubeide/plugins/com.st.stm32cube.ide.mcu.externaltools.gnu-tools-for-stm32.10.3-2021.10.win32_1.0.0.202111181127/tools/bin/../lib/gcc/arm-none-eabi/10.3.1/thumb/v7e-m+fp/hard/crtbegin.o
                0x000000002000000c                . = ALIGN (0x4)

.bss            0x000000002000000c       0x24 load address 0x0000000008001a7c
                0x000000002000000c                _sbss = .
                0x000000002000000c                __bss_start__ = _sbss
 *(.bss)
 .bss           0x000000002000000c       0x1c c:/st/stm32cubeide_1.9.0/stm32cubeide/plugins/com.st.stm32cube.ide.mcu.externaltools.gnu-tools-for-stm32.10.3-2021.10.win32_1.0.0.202111181127/tools/bin/../lib/gcc/arm-none-eabi/10.3.1/thumb/v7e-m+fp/hard/crtbegin.o
 *(.bss*)
 .bss.flag      0x0000000020000028        0x1 ./Core/Src/main.o
                0x0000000020000028                flag
 *fill*         0x0000000020000029        0x3 
 .bss.uwTick    0x000000002000002c        0x4 ./Drivers/STM32F4xx_HAL_Driver/Src/stm32f4xx_hal.o
                0x000000002000002c                uwTick
 *(COMMON)
                0x0000000020000030                . = ALIGN (0x4)
                0x0000000020000030                _ebss = .
                0x0000000020000030                __bss_end__ = _ebss

._user_heap_stack
                0x0000000020000030      0x600 load address 0x0000000008001a7c
                0x0000000020000030                . = ALIGN (0x8)
                [!provide]                        PROVIDE (end = .)
                0x0000000020000030                PROVIDE (_end = .)
                0x0000000020000230                . = (. + _Min_Heap_Size)
 *fill*         0x0000000020000030      0x200 
                0x0000000020000630                . = (. + _Min_Stack_Size)
 *fill*         0x0000000020000230      0x400 
                0x0000000020000630                . = ALIGN (0x8)

/DISCARD/
 libc.a(*)
 libm.a(*)
 libgcc.a(*)

.ARM.attributes
                0x0000000000000000       0x30
 *(.ARM.attributes)
 .ARM.attributes
                0x0000000000000000       0x1e c:/st/stm32cubeide_1.9.0/stm32cubeide/plugins/com.st.stm32cube.ide.mcu.externaltools.gnu-tools-for-stm32.10.3-2021.10.win32_1.0.0.202111181127/tools/bin/../lib/gcc/arm-none-eabi/10.3.1/thumb/v7e-m+fp/hard/crti.o
 .ARM.attributes
                0x000000000000001e       0x34 c:/st/stm32cubeide_1.9.0/stm32cubeide/plugins/com.st.stm32cube.ide.mcu.externaltools.gnu-tools-for-stm32.10.3-2021.10.win32_1.0.0.202111181127/tools/bin/../lib/gcc/arm-none-eabi/10.3.1/thumb/v7e-m+fp/hard/crtbegin.o
 .ARM.attributes
                0x0000000000000052       0x34 ./Core/Src/main.o
 .ARM.attributes
                0x0000000000000086       0x34 ./Core/Src/stm32f4xx_hal_msp.o
 .ARM.attributes
                0x00000000000000ba       0x34 ./Core/Src/stm32f4xx_it.o
 .ARM.attributes
                0x00000000000000ee       0x34 ./Core/Src/system_stm32f4xx.o
 .ARM.attributes
                0x0000000000000122       0x21 ./Core/Startup/startup_stm32f429zitx.o
 .ARM.attributes
                0x0000000000000143       0x34 ./Drivers/STM32F4xx_HAL_Driver/Src/stm32f4xx_hal.o
 .ARM.attributes
                0x0000000000000177       0x34 ./Drivers/STM32F4xx_HAL_Driver/Src/stm32f4xx_hal_cortex.o
 .ARM.attributes
                0x00000000000001ab       0x34 ./Drivers/STM32F4xx_HAL_Driver/Src/stm32f4xx_hal_gpio.o
 .ARM.attributes
                0x00000000000001df       0x34 ./Drivers/STM32F4xx_HAL_Driver/Src/stm32f4xx_hal_rcc.o
 .ARM.attributes
                0x0000000000000213       0x34 c:/st/stm32cubeide_1.9.0/stm32cubeide/plugins/com.st.stm32cube.ide.mcu.externaltools.gnu-tools-for-stm32.10.3-2021.10.win32_1.0.0.202111181127/tools/bin/../lib/gcc/arm-none-eabi/10.3.1/../../../../arm-none-eabi/lib/thumb/v7e-m+fp/hard\libc_nano.a(lib_a-init.o)
 .ARM.attributes
                0x0000000000000247       0x34 c:/st/stm32cubeide_1.9.0/stm32cubeide/plugins/com.st.stm32cube.ide.mcu.externaltools.gnu-tools-for-stm32.10.3-2021.10.win32_1.0.0.202111181127/tools/bin/../lib/gcc/arm-none-eabi/10.3.1/../../../../arm-none-eabi/lib/thumb/v7e-m+fp/hard\libc_nano.a(lib_a-memset.o)
 .ARM.attributes
                0x000000000000027b       0x1e c:/st/stm32cubeide_1.9.0/stm32cubeide/plugins/com.st.stm32cube.ide.mcu.externaltools.gnu-tools-for-stm32.10.3-2021.10.win32_1.0.0.202111181127/tools/bin/../lib/gcc/arm-none-eabi/10.3.1/thumb/v7e-m+fp/hard\libgcc.a(_aeabi_uldivmod.o)
 .ARM.attributes
                0x0000000000000299       0x34 c:/st/stm32cubeide_1.9.0/stm32cubeide/plugins/com.st.stm32cube.ide.mcu.externaltools.gnu-tools-for-stm32.10.3-2021.10.win32_1.0.0.202111181127/tools/bin/../lib/gcc/arm-none-eabi/10.3.1/thumb/v7e-m+fp/hard\libgcc.a(_udivmoddi4.o)
 .ARM.attributes
                0x00000000000002cd       0x1e c:/st/stm32cubeide_1.9.0/stm32cubeide/plugins/com.st.stm32cube.ide.mcu.externaltools.gnu-tools-for-stm32.10.3-2021.10.win32_1.0.0.202111181127/tools/bin/../lib/gcc/arm-none-eabi/10.3.1/thumb/v7e-m+fp/hard\libgcc.a(_dvmd_tls.o)
 .ARM.attributes
                0x00000000000002eb       0x1e c:/st/stm32cubeide_1.9.0/stm32cubeide/plugins/com.st.stm32cube.ide.mcu.externaltools.gnu-tools-for-stm32.10.3-2021.10.win32_1.0.0.202111181127/tools/bin/../lib/gcc/arm-none-eabi/10.3.1/thumb/v7e-m+fp/hard/crtn.o
OUTPUT(001_BLINK_ED.elf elf32-littlearm)
LOAD linker stubs
LOAD c:/st/stm32cubeide_1.9.0/stm32cubeide/plugins/com.st.stm32cube.ide.mcu.externaltools.gnu-tools-for-stm32.10.3-2021.10.win32_1.0.0.202111181127/tools/bin/../lib/gcc/arm-none-eabi/10.3.1/../../../../arm-none-eabi/lib/thumb/v7e-m+fp/hard\libc.a
LOAD c:/st/stm32cubeide_1.9.0/stm32cubeide/plugins/com.st.stm32cube.ide.mcu.externaltools.gnu-tools-for-stm32.10.3-2021.10.win32_1.0.0.202111181127/tools/bin/../lib/gcc/arm-none-eabi/10.3.1/../../../../arm-none-eabi/lib/thumb/v7e-m+fp/hard\libm.a
LOAD c:/st/stm32cubeide_1.9.0/stm32cubeide/plugins/com.st.stm32cube.ide.mcu.externaltools.gnu-tools-for-stm32.10.3-2021.10.win32_1.0.0.202111181127/tools/bin/../lib/gcc/arm-none-eabi/10.3.1/thumb/v7e-m+fp/hard\libgcc.a

.debug_info     0x0000000000000000     0x3d14
 .debug_info    0x0000000000000000      0xa32 ./Core/Src/main.o
 .debug_info    0x0000000000000a32      0x2d7 ./Core/Src/stm32f4xx_hal_msp.o
 .debug_info    0x0000000000000d09      0x15d ./Core/Src/stm32f4xx_it.o
 .debug_info    0x0000000000000e66      0x53f ./Core/Src/system_stm32f4xx.o
 .debug_info    0x00000000000013a5       0x22 ./Core/Startup/startup_stm32f429zitx.o
 .debug_info    0x00000000000013c7      0x9f4 ./Drivers/STM32F4xx_HAL_Driver/Src/stm32f4xx_hal.o
 .debug_info    0x0000000000001dbb      0xe51 ./Drivers/STM32F4xx_HAL_Driver/Src/stm32f4xx_hal_cortex.o
 .debug_info    0x0000000000002c0c      0x786 ./Drivers/STM32F4xx_HAL_Driver/Src/stm32f4xx_hal_gpio.o
 .debug_info    0x0000000000003392      0x982 ./Drivers/STM32F4xx_HAL_Driver/Src/stm32f4xx_hal_rcc.o

.debug_abbrev   0x0000000000000000      0xe8c
 .debug_abbrev  0x0000000000000000      0x244 ./Core/Src/main.o
 .debug_abbrev  0x0000000000000244       0xf0 ./Core/Src/stm32f4xx_hal_msp.o
 .debug_abbrev  0x0000000000000334       0x9f ./Core/Src/stm32f4xx_it.o
 .debug_abbrev  0x00000000000003d3      0x116 ./Core/Src/system_stm32f4xx.o
 .debug_abbrev  0x00000000000004e9       0x12 ./Core/Startup/startup_stm32f429zitx.o
 .debug_abbrev  0x00000000000004fb      0x20d ./Drivers/STM32F4xx_HAL_Driver/Src/stm32f4xx_hal.o
 .debug_abbrev  0x0000000000000708      0x316 ./Drivers/STM32F4xx_HAL_Driver/Src/stm32f4xx_hal_cortex.o
 .debug_abbrev  0x0000000000000a1e      0x1c4 ./Drivers/STM32F4xx_HAL_Driver/Src/stm32f4xx_hal_gpio.o
 .debug_abbrev  0x0000000000000be2      0x2aa ./Drivers/STM32F4xx_HAL_Driver/Src/stm32f4xx_hal_rcc.o

.debug_aranges  0x0000000000000000      0x418
 .debug_aranges
                0x0000000000000000       0x48 ./Core/Src/main.o
 .debug_aranges
                0x0000000000000048       0x20 ./Core/Src/stm32f4xx_hal_msp.o
 .debug_aranges
                0x0000000000000068       0x68 ./Core/Src/stm32f4xx_it.o
 .debug_aranges
                0x00000000000000d0       0x28 ./Core/Src/system_stm32f4xx.o
 .debug_aranges
                0x00000000000000f8       0x28 ./Core/Startup/startup_stm32f429zitx.o
 .debug_aranges
                0x0000000000000120      0x100 ./Drivers/STM32F4xx_HAL_Driver/Src/stm32f4xx_hal.o
 .debug_aranges
                0x0000000000000220      0x118 ./Drivers/STM32F4xx_HAL_Driver/Src/stm32f4xx_hal_cortex.o
 .debug_aranges
                0x0000000000000338       0x58 ./Drivers/STM32F4xx_HAL_Driver/Src/stm32f4xx_hal_gpio.o
 .debug_aranges
                0x0000000000000390       0x88 ./Drivers/STM32F4xx_HAL_Driver/Src/stm32f4xx_hal_rcc.o

.debug_ranges   0x0000000000000000      0x390
 .debug_ranges  0x0000000000000000       0x38 ./Core/Src/main.o
 .debug_ranges  0x0000000000000038       0x10 ./Core/Src/stm32f4xx_hal_msp.o
 .debug_ranges  0x0000000000000048       0x58 ./Core/Src/stm32f4xx_it.o
 .debug_ranges  0x00000000000000a0       0x18 ./Core/Src/system_stm32f4xx.o
 .debug_ranges  0x00000000000000b8       0x20 ./Core/Startup/startup_stm32f429zitx.o
 .debug_ranges  0x00000000000000d8       0xf0 ./Drivers/STM32F4xx_HAL_Driver/Src/stm32f4xx_hal.o
 .debug_ranges  0x00000000000001c8      0x108 ./Drivers/STM32F4xx_HAL_Driver/Src/stm32f4xx_hal_cortex.o
 .debug_ranges  0x00000000000002d0       0x48 ./Drivers/STM32F4xx_HAL_Driver/Src/stm32f4xx_hal_gpio.o
 .debug_ranges  0x0000000000000318       0x78 ./Drivers/STM32F4xx_HAL_Driver/Src/stm32f4xx_hal_rcc.o

.debug_macro    0x0000000000000000    0x220f2
 .debug_macro   0x0000000000000000      0x31e ./Core/Src/main.o
 .debug_macro   0x000000000000031e      0xa78 ./Core/Src/main.o
 .debug_macro   0x0000000000000d96      0x28f ./Core/Src/main.o
 .debug_macro   0x0000000000001025       0x2e ./Core/Src/main.o
 .debug_macro   0x0000000000001053       0x28 ./Core/Src/main.o
 .debug_macro   0x000000000000107b       0x22 ./Core/Src/main.o
 .debug_macro   0x000000000000109d       0x8e ./Core/Src/main.o
 .debug_macro   0x000000000000112b       0x51 ./Core/Src/main.o
 .debug_macro   0x000000000000117c      0x103 ./Core/Src/main.o
 .debug_macro   0x000000000000127f       0x6a ./Core/Src/main.o
 .debug_macro   0x00000000000012e9      0x1df ./Core/Src/main.o
 .debug_macro   0x00000000000014c8       0x1c ./Core/Src/main.o
 .debug_macro   0x00000000000014e4       0x22 ./Core/Src/main.o
 .debug_macro   0x0000000000001506       0xd9 ./Core/Src/main.o
 .debug_macro   0x00000000000015df     0x102d ./Core/Src/main.o
 .debug_macro   0x000000000000260c      0x11f ./Core/Src/main.o
 .debug_macro   0x000000000000272b    0x17f91 ./Core/Src/main.o
 .debug_macro   0x000000000001a6bc       0x6d ./Core/Src/main.o
 .debug_macro   0x000000000001a729     0x36dd ./Core/Src/main.o
 .debug_macro   0x000000000001de06      0x174 ./Core/Src/main.o
 .debug_macro   0x000000000001df7a       0x5c ./Core/Src/main.o
 .debug_macro   0x000000000001dfd6      0xca5 ./Core/Src/main.o
 .debug_macro   0x000000000001ec7b      0x9fe ./Core/Src/main.o
 .debug_macro   0x000000000001f679      0x116 ./Core/Src/main.o
 .debug_macro   0x000000000001f78f      0x157 ./Core/Src/main.o
 .debug_macro   0x000000000001f8e6       0xa5 ./Core/Src/main.o
 .debug_macro   0x000000000001f98b      0x182 ./Core/Src/main.o
 .debug_macro   0x000000000001fb0d      0x287 ./Core/Src/main.o
 .debug_macro   0x000000000001fd94       0x5f ./Core/Src/main.o
 .debug_macro   0x000000000001fdf3      0x236 ./Core/Src/main.o
 .debug_macro   0x0000000000020029      0x132 ./Core/Src/main.o
 .debug_macro   0x000000000002015b      0x41d ./Core/Src/main.o
 .debug_macro   0x0000000000020578       0x2e ./Core/Src/main.o
 .debug_macro   0x00000000000205a6      0x11a ./Core/Src/main.o
 .debug_macro   0x00000000000206c0       0xe2 ./Core/Src/main.o
 .debug_macro   0x00000000000207a2       0x89 ./Core/Src/main.o
 .debug_macro   0x000000000002082b      0x134 ./Core/Src/main.o
 .debug_macro   0x000000000002095f       0x5e ./Core/Src/main.o
 .debug_macro   0x00000000000209bd       0x52 ./Core/Src/main.o
 .debug_macro   0x0000000000020a0f       0x1e ./Core/Src/main.o
 .debug_macro   0x0000000000020a2d       0x3c ./Core/Src/main.o
 .debug_macro   0x0000000000020a69       0x34 ./Core/Src/main.o
 .debug_macro   0x0000000000020a9d       0x16 ./Core/Src/main.o
 .debug_macro   0x0000000000020ab3       0x35 ./Core/Src/main.o
 .debug_macro   0x0000000000020ae8      0x341 ./Core/Src/main.o
 .debug_macro   0x0000000000020e29       0x10 ./Core/Src/main.o
 .debug_macro   0x0000000000020e39       0x16 ./Core/Src/main.o
 .debug_macro   0x0000000000020e4f       0x43 ./Core/Src/main.o
 .debug_macro   0x0000000000020e92       0x34 ./Core/Src/main.o
 .debug_macro   0x0000000000020ec6       0x10 ./Core/Src/main.o
 .debug_macro   0x0000000000020ed6       0x58 ./Core/Src/main.o
 .debug_macro   0x0000000000020f2e       0x71 ./Core/Src/main.o
 .debug_macro   0x0000000000020f9f       0x1c ./Core/Src/main.o
 .debug_macro   0x0000000000020fbb      0x12a ./Core/Src/main.o
 .debug_macro   0x00000000000210e5       0x10 ./Core/Src/main.o
 .debug_macro   0x00000000000210f5       0x1c ./Core/Src/main.o
 .debug_macro   0x0000000000021111       0x52 ./Core/Src/main.o
 .debug_macro   0x0000000000021163       0x22 ./Core/Src/main.o
 .debug_macro   0x0000000000021185       0x10 ./Core/Src/main.o
 .debug_macro   0x0000000000021195       0x52 ./Core/Src/main.o
 .debug_macro   0x00000000000211e7       0xd5 ./Core/Src/main.o
 .debug_macro   0x00000000000212bc       0x1c ./Core/Src/main.o
 .debug_macro   0x00000000000212d8       0x3d ./Core/Src/main.o
 .debug_macro   0x0000000000021315       0x16 ./Core/Src/main.o
 .debug_macro   0x000000000002132b      0x145 ./Core/Src/main.o
 .debug_macro   0x0000000000021470      0x1bf ./Core/Src/stm32f4xx_hal_msp.o
 .debug_macro   0x000000000002162f      0x1c9 ./Core/Src/stm32f4xx_it.o
 .debug_macro   0x00000000000217f8      0x1b0 ./Core/Src/system_stm32f4xx.o
 .debug_macro   0x00000000000219a8      0x210 ./Drivers/STM32F4xx_HAL_Driver/Src/stm32f4xx_hal.o
 .debug_macro   0x0000000000021bb8      0x1b0 ./Drivers/STM32F4xx_HAL_Driver/Src/stm32f4xx_hal_cortex.o
 .debug_macro   0x0000000000021d68      0x1b6 ./Drivers/STM32F4xx_HAL_Driver/Src/stm32f4xx_hal_gpio.o
 .debug_macro   0x0000000000021f1e      0x1d4 ./Drivers/STM32F4xx_HAL_Driver/Src/stm32f4xx_hal_rcc.o

.debug_line     0x0000000000000000     0x4c01
 .debug_line    0x0000000000000000      0x979 ./Core/Src/main.o
 .debug_line    0x0000000000000979      0x670 ./Core/Src/stm32f4xx_hal_msp.o
 .debug_line    0x0000000000000fe9      0x749 ./Core/Src/stm32f4xx_it.o
 .debug_line    0x0000000000001732      0x6f0 ./Core/Src/system_stm32f4xx.o
 .debug_line    0x0000000000001e22       0x88 ./Core/Startup/startup_stm32f429zitx.o
 .debug_line    0x0000000000001eaa      0x98c ./Drivers/STM32F4xx_HAL_Driver/Src/stm32f4xx_hal.o
 .debug_line    0x0000000000002836      0xc05 ./Drivers/STM32F4xx_HAL_Driver/Src/stm32f4xx_hal_cortex.o
 .debug_line    0x000000000000343b      0xaf4 ./Drivers/STM32F4xx_HAL_Driver/Src/stm32f4xx_hal_gpio.o
 .debug_line    0x0000000000003f2f      0xcd2 ./Drivers/STM32F4xx_HAL_Driver/Src/stm32f4xx_hal_rcc.o

.debug_str      0x0000000000000000    0xceac1
 .debug_str     0x0000000000000000    0xcdbdf ./Core/Src/main.o
                                      0xcde95 (size before relaxing)
 .debug_str     0x00000000000cdbdf       0x49 ./Core/Src/stm32f4xx_hal_msp.o
                                      0xc98fe (size before relaxing)
 .debug_str     0x00000000000cdc28       0xf3 ./Core/Src/stm32f4xx_it.o
                                      0xc9892 (size before relaxing)
 .debug_str     0x00000000000cdd1b       0xdb ./Core/Src/system_stm32f4xx.o
                                      0xc9841 (size before relaxing)
 .debug_str     0x00000000000cddf6       0x36 ./Core/Startup/startup_stm32f429zitx.o
                                         0x77 (size before relaxing)
 .debug_str     0x00000000000cde2c      0x62b ./Drivers/STM32F4xx_HAL_Driver/Src/stm32f4xx_hal.o
                                      0xca464 (size before relaxing)
 .debug_str     0x00000000000ce457      0x352 ./Drivers/STM32F4xx_HAL_Driver/Src/stm32f4xx_hal_cortex.o
                                      0xca149 (size before relaxing)
 .debug_str     0x00000000000ce7a9       0xe5 ./Drivers/STM32F4xx_HAL_Driver/Src/stm32f4xx_hal_gpio.o
                                      0xc99bc (size before relaxing)
 .debug_str     0x00000000000ce88e      0x233 ./Drivers/STM32F4xx_HAL_Driver/Src/stm32f4xx_hal_rcc.o
                                      0xc9c75 (size before relaxing)

.comment        0x0000000000000000       0x50
 .comment       0x0000000000000000       0x50 ./Core/Src/main.o
                                         0x51 (size before relaxing)
 .comment       0x0000000000000050       0x51 ./Core/Src/stm32f4xx_hal_msp.o
 .comment       0x0000000000000050       0x51 ./Core/Src/stm32f4xx_it.o
 .comment       0x0000000000000050       0x51 ./Core/Src/system_stm32f4xx.o
 .comment       0x0000000000000050       0x51 ./Drivers/STM32F4xx_HAL_Driver/Src/stm32f4xx_hal.o
 .comment       0x0000000000000050       0x51 ./Drivers/STM32F4xx_HAL_Driver/Src/stm32f4xx_hal_cortex.o
 .comment       0x0000000000000050       0x51 ./Drivers/STM32F4xx_HAL_Driver/Src/stm32f4xx_hal_gpio.o
 .comment       0x0000000000000050       0x51 ./Drivers/STM32F4xx_HAL_Driver/Src/stm32f4xx_hal_rcc.o

.debug_frame    0x0000000000000000      0xeb4
 .debug_frame   0x0000000000000000       0xd0 ./Core/Src/main.o
 .debug_frame   0x00000000000000d0       0x34 ./Core/Src/stm32f4xx_hal_msp.o
 .debug_frame   0x0000000000000104      0x120 ./Core/Src/stm32f4xx_it.o
 .debug_frame   0x0000000000000224       0x58 ./Core/Src/system_stm32f4xx.o
 .debug_frame   0x000000000000027c      0x3b4 ./Drivers/STM32F4xx_HAL_Driver/Src/stm32f4xx_hal.o
 .debug_frame   0x0000000000000630      0x498 ./Drivers/STM32F4xx_HAL_Driver/Src/stm32f4xx_hal_cortex.o
 .debug_frame   0x0000000000000ac8      0x14c ./Drivers/STM32F4xx_HAL_Driver/Src/stm32f4xx_hal_gpio.o
 .debug_frame   0x0000000000000c14      0x1f4 ./Drivers/STM32F4xx_HAL_Driver/Src/stm32f4xx_hal_rcc.o
 .debug_frame   0x0000000000000e08       0x2c c:/st/stm32cubeide_1.9.0/stm32cubeide/plugins/com.st.stm32cube.ide.mcu.externaltools.gnu-tools-for-stm32.10.3-2021.10.win32_1.0.0.202111181127/tools/bin/../lib/gcc/arm-none-eabi/10.3.1/../../../../arm-none-eabi/lib/thumb/v7e-m+fp/hard\libc_nano.a(lib_a-init.o)
 .debug_frame   0x0000000000000e34       0x20 c:/st/stm32cubeide_1.9.0/stm32cubeide/plugins/com.st.stm32cube.ide.mcu.externaltools.gnu-tools-for-stm32.10.3-2021.10.win32_1.0.0.202111181127/tools/bin/../lib/gcc/arm-none-eabi/10.3.1/../../../../arm-none-eabi/lib/thumb/v7e-m+fp/hard\libc_nano.a(lib_a-memset.o)
 .debug_frame   0x0000000000000e54       0x2c c:/st/stm32cubeide_1.9.0/stm32cubeide/plugins/com.st.stm32cube.ide.mcu.externaltools.gnu-tools-for-stm32.10.3-2021.10.win32_1.0.0.202111181127/tools/bin/../lib/gcc/arm-none-eabi/10.3.1/thumb/v7e-m+fp/hard\libgcc.a(_aeabi_uldivmod.o)
 .debug_frame   0x0000000000000e80       0x34 c:/st/stm32cubeide_1.9.0/stm32cubeide/plugins/com.st.stm32cube.ide.mcu.externaltools.gnu-tools-for-stm32.10.3-2021.10.win32_1.0.0.202111181127/tools/bin/../lib/gcc/arm-none-eabi/10.3.1/thumb/v7e-m+fp/hard\libgcc.a(_udivmoddi4.o)
