Archive member included to satisfy reference by file (symbol)

c:/st/stm32cubeide_1.6.1/stm32cubeide/plugins/com.st.stm32cube.ide.mcu.externaltools.gnu-tools-for-stm32.10.3-2021.10.win32_1.0.0.202111181127/tools/bin/../lib/gcc/arm-none-eabi/10.3.1/../../../../arm-none-eabi/lib/thumb/v7e-m+fp/hard\libc_nano.a(lib_a-errno.o)
                              ./Core/Src/syscalls.o (__errno)
c:/st/stm32cubeide_1.6.1/stm32cubeide/plugins/com.st.stm32cube.ide.mcu.externaltools.gnu-tools-for-stm32.10.3-2021.10.win32_1.0.0.202111181127/tools/bin/../lib/gcc/arm-none-eabi/10.3.1/../../../../arm-none-eabi/lib/thumb/v7e-m+fp/hard\libc_nano.a(lib_a-exit.o)
                              c:/st/stm32cubeide_1.6.1/stm32cubeide/plugins/com.st.stm32cube.ide.mcu.externaltools.gnu-tools-for-stm32.10.3-2021.10.win32_1.0.0.202111181127/tools/bin/../lib/gcc/arm-none-eabi/10.3.1/../../../../arm-none-eabi/lib/thumb/v7e-m+fp/hard/crt0.o (exit)
c:/st/stm32cubeide_1.6.1/stm32cubeide/plugins/com.st.stm32cube.ide.mcu.externaltools.gnu-tools-for-stm32.10.3-2021.10.win32_1.0.0.202111181127/tools/bin/../lib/gcc/arm-none-eabi/10.3.1/../../../../arm-none-eabi/lib/thumb/v7e-m+fp/hard\libc_nano.a(lib_a-impure.o)
                              c:/st/stm32cubeide_1.6.1/stm32cubeide/plugins/com.st.stm32cube.ide.mcu.externaltools.gnu-tools-for-stm32.10.3-2021.10.win32_1.0.0.202111181127/tools/bin/../lib/gcc/arm-none-eabi/10.3.1/../../../../arm-none-eabi/lib/thumb/v7e-m+fp/hard\libc_nano.a(lib_a-exit.o) (_global_impure_ptr)
c:/st/stm32cubeide_1.6.1/stm32cubeide/plugins/com.st.stm32cube.ide.mcu.externaltools.gnu-tools-for-stm32.10.3-2021.10.win32_1.0.0.202111181127/tools/bin/../lib/gcc/arm-none-eabi/10.3.1/../../../../arm-none-eabi/lib/thumb/v7e-m+fp/hard\libc_nano.a(lib_a-init.o)
                              c:/st/stm32cubeide_1.6.1/stm32cubeide/plugins/com.st.stm32cube.ide.mcu.externaltools.gnu-tools-for-stm32.10.3-2021.10.win32_1.0.0.202111181127/tools/bin/../lib/gcc/arm-none-eabi/10.3.1/../../../../arm-none-eabi/lib/thumb/v7e-m+fp/hard/crt0.o (__libc_init_array)
c:/st/stm32cubeide_1.6.1/stm32cubeide/plugins/com.st.stm32cube.ide.mcu.externaltools.gnu-tools-for-stm32.10.3-2021.10.win32_1.0.0.202111181127/tools/bin/../lib/gcc/arm-none-eabi/10.3.1/../../../../arm-none-eabi/lib/thumb/v7e-m+fp/hard\libc_nano.a(lib_a-memset.o)
                              c:/st/stm32cubeide_1.6.1/stm32cubeide/plugins/com.st.stm32cube.ide.mcu.externaltools.gnu-tools-for-stm32.10.3-2021.10.win32_1.0.0.202111181127/tools/bin/../lib/gcc/arm-none-eabi/10.3.1/../../../../arm-none-eabi/lib/thumb/v7e-m+fp/hard/crt0.o (memset)
c:/st/stm32cubeide_1.6.1/stm32cubeide/plugins/com.st.stm32cube.ide.mcu.externaltools.gnu-tools-for-stm32.10.3-2021.10.win32_1.0.0.202111181127/tools/bin/../lib/gcc/arm-none-eabi/10.3.1/thumb/v7e-m+fp/hard\libgcc.a(_arm_muldf3.o)
                              ./Core/Src/main.o (__aeabi_dmul)
c:/st/stm32cubeide_1.6.1/stm32cubeide/plugins/com.st.stm32cube.ide.mcu.externaltools.gnu-tools-for-stm32.10.3-2021.10.win32_1.0.0.202111181127/tools/bin/../lib/gcc/arm-none-eabi/10.3.1/thumb/v7e-m+fp/hard\libgcc.a(_arm_addsubdf3.o)
                              ./Core/Src/main.o (__aeabi_dsub)
c:/st/stm32cubeide_1.6.1/stm32cubeide/plugins/com.st.stm32cube.ide.mcu.externaltools.gnu-tools-for-stm32.10.3-2021.10.win32_1.0.0.202111181127/tools/bin/../lib/gcc/arm-none-eabi/10.3.1/thumb/v7e-m+fp/hard\libgcc.a(_arm_muldivdf3.o)
                              ./Core/Src/main.o (__aeabi_ddiv)
c:/st/stm32cubeide_1.6.1/stm32cubeide/plugins/com.st.stm32cube.ide.mcu.externaltools.gnu-tools-for-stm32.10.3-2021.10.win32_1.0.0.202111181127/tools/bin/../lib/gcc/arm-none-eabi/10.3.1/thumb/v7e-m+fp/hard\libgcc.a(_arm_truncdfsf2.o)
                              ./Core/Src/main.o (__aeabi_d2f)
c:/st/stm32cubeide_1.6.1/stm32cubeide/plugins/com.st.stm32cube.ide.mcu.externaltools.gnu-tools-for-stm32.10.3-2021.10.win32_1.0.0.202111181127/tools/bin/../lib/gcc/arm-none-eabi/10.3.1/thumb/v7e-m+fp/hard\libgcc.a(_aeabi_uldivmod.o)
                              ./Drivers/STM32F4xx_HAL_Driver/Src/stm32f4xx_hal_rcc.o (__aeabi_uldivmod)
c:/st/stm32cubeide_1.6.1/stm32cubeide/plugins/com.st.stm32cube.ide.mcu.externaltools.gnu-tools-for-stm32.10.3-2021.10.win32_1.0.0.202111181127/tools/bin/../lib/gcc/arm-none-eabi/10.3.1/thumb/v7e-m+fp/hard\libgcc.a(_udivmoddi4.o)
                              c:/st/stm32cubeide_1.6.1/stm32cubeide/plugins/com.st.stm32cube.ide.mcu.externaltools.gnu-tools-for-stm32.10.3-2021.10.win32_1.0.0.202111181127/tools/bin/../lib/gcc/arm-none-eabi/10.3.1/thumb/v7e-m+fp/hard\libgcc.a(_aeabi_uldivmod.o) (__udivmoddi4)
c:/st/stm32cubeide_1.6.1/stm32cubeide/plugins/com.st.stm32cube.ide.mcu.externaltools.gnu-tools-for-stm32.10.3-2021.10.win32_1.0.0.202111181127/tools/bin/../lib/gcc/arm-none-eabi/10.3.1/thumb/v7e-m+fp/hard\libgcc.a(_dvmd_tls.o)
[...]
Memory Configuration

Name             Origin             Length             Attributes
CCMRAM           0x0000000010000000 0x0000000000010000 xrw
RAM              0x0000000020000000 0x0000000000030000 xrw
FLASH            0x0000000008000000 0x0000000000200000 xr
*default*        0x0000000000000000 0xffffffffffffffff

Linker script and memory map

LOAD c:/st/stm32cubeide_1.6.1/stm32cubeide/plugins/com.st.stm32cube.ide.mcu.externaltools.gnu-tools-for-stm32.10.3-2021.10.win32_1.0.0.202111181127/tools/bin/../lib/gcc/arm-none-eabi/10.3.1/thumb/v7e-m+fp/hard/crti.o
LOAD c:/st/stm32cubeide_1.6.1/stm32cubeide/plugins/com.st.stm32cube.ide.mcu.externaltools.gnu-tools-for-stm32.10.3-2021.10.win32_1.0.0.202111181127/tools/bin/../lib/gcc/arm-none-eabi/10.3.1/thumb/v7e-m+fp/hard/crtbegin.o
LOAD c:/st/stm32cubeide_1.6.1/stm32cubeide/plugins/com.st.stm32cube.ide.mcu.externaltools.gnu-tools-for-stm32.10.3-2021.10.win32_1.0.0.202111181127/tools/bin/../lib/gcc/arm-none-eabi/10.3.1/../../../../arm-none-eabi/lib/thumb/v7e-m+fp/hard/crt0.o
LOAD ./Core/Src/main.o
LOAD ./Core/Src/stm32f4xx_hal_msp.o
LOAD ./Core/Src/stm32f4xx_it.o
LOAD ./Core/Src/syscalls.o
LOAD ./Core/Src/sysmem.o
LOAD ./Core/Src/system_stm32f4xx.o
LOAD ./Core/Startup/startup_stm32f429zitx.o
LOAD ./Drivers/STM32F4xx_HAL_Driver/Src/stm32f4xx_hal.o
LOAD ./Drivers/STM32F4xx_HAL_Driver/Src/stm32f4xx_hal_cortex.o
LOAD ./Drivers/STM32F4xx_HAL_Driver/Src/stm32f4xx_hal_dma.o
LOAD ./Drivers/STM32F4xx_HAL_Driver/Src/stm32f4xx_hal_dma_ex.o
LOAD ./Drivers/STM32F4xx_HAL_Driver/Src/stm32f4xx_hal_exti.o
LOAD ./Drivers/STM32F4xx_HAL_Driver/Src/stm32f4xx_hal_flash.o
LOAD ./Drivers/STM32F4xx_HAL_Driver/Src/stm32f4xx_hal_flash_ex.o
LOAD ./Drivers/STM32F4xx_HAL_Driver/Src/stm32f4xx_hal_flash_ramfunc.o
LOAD ./Drivers/STM32F4xx_HAL_Driver/Src/stm32f4xx_hal_gpio.o
LOAD ./Drivers/STM32F4xx_HAL_Driver/Src/stm32f4xx_hal_pwr.o
LOAD ./Drivers/STM32F4xx_HAL_Driver/Src/stm32f4xx_hal_pwr_ex.o
LOAD ./Drivers/STM32F4xx_HAL_Driver/Src/stm32f4xx_hal_rcc.o
LOAD ./Drivers/STM32F4xx_HAL_Driver/Src/stm32f4xx_hal_rcc_ex.o
LOAD ./Drivers/STM32F4xx_HAL_Driver/Src/stm32f4xx_hal_spi.o
LOAD ./Drivers/STM32F4xx_HAL_Driver/Src/stm32f4xx_hal_tim.o
LOAD ./Drivers/STM32F4xx_HAL_Driver/Src/stm32f4xx_hal_tim_ex.o
LOAD ./Drivers/STM32F4xx_HAL_Driver/Src/stm32f4xx_hal_uart.o
START GROUP
LOAD c:/st/stm32cubeide_1.6.1/stm32cubeide/plugins/com.st.stm32cube.ide.mcu.externaltools.gnu-tools-for-stm32.10.3-2021.10.win32_1.0.0.202111181127/tools/bin/../lib/gcc/arm-none-eabi/10.3.1/../../../../arm-none-eabi/lib/thumb/v7e-m+fp/hard\libc_nano.a
LOAD c:/st/stm32cubeide_1.6.1/stm32cubeide/plugins/com.st.stm32cube.ide.mcu.externaltools.gnu-tools-for-stm32.10.3-2021.10.win32_1.0.0.202111181127/tools/bin/../lib/gcc/arm-none-eabi/10.3.1/../../../../arm-none-eabi/lib/thumb/v7e-m+fp/hard\libm.a
END GROUP
START GROUP
LOAD c:/st/stm32cubeide_1.6.1/stm32cubeide/plugins/com.st.stm32cube.ide.mcu.externaltools.gnu-tools-for-stm32.10.3-2021.10.win32_1.0.0.202111181127/tools/bin/../lib/gcc/arm-none-eabi/10.3.1/thumb/v7e-m+fp/hard\libgcc.a
LOAD c:/st/stm32cubeide_1.6.1/stm32cubeide/plugins/com.st.stm32cube.ide.mcu.externaltools.gnu-tools-for-stm32.10.3-2021.10.win32_1.0.0.202111181127/tools/bin/../lib/gcc/arm-none-eabi/10.3.1/../../../../arm-none-eabi/lib/thumb/v7e-m+fp/hard\libc_nano.a
END GROUP
START GROUP
LOAD c:/st/stm32cubeide_1.6.1/stm32cubeide/plugins/com.st.stm32cube.ide.mcu.externaltools.gnu-tools-for-stm32.10.3-2021.10.win32_1.0.0.202111181127/tools/bin/../lib/gcc/arm-none-eabi/10.3.1/thumb/v7e-m+fp/hard\libgcc.a
LOAD c:/st/stm32cubeide_1.6.1/stm32cubeide/plugins/com.st.stm32cube.ide.mcu.externaltools.gnu-tools-for-stm32.10.3-2021.10.win32_1.0.0.202111181127/tools/bin/../lib/gcc/arm-none-eabi/10.3.1/../../../../arm-none-eabi/lib/thumb/v7e-m+fp/hard\libc_nano.a
LOAD c:/st/stm32cubeide_1.6.1/stm32cubeide/plugins/com.st.stm32cube.ide.mcu.externaltools.gnu-tools-for-stm32.10.3-2021.10.win32_1.0.0.202111181127/tools/bin/../lib/gcc/arm-none-eabi/10.3.1/../../../../arm-none-eabi/lib/thumb/v7e-m+fp/hard\libnosys.a
END GROUP
START GROUP
LOAD c:/st/stm32cubeide_1.6.1/stm32cubeide/plugins/com.st.stm32cube.ide.mcu.externaltools.gnu-tools-for-stm32.10.3-2021.10.win32_1.0.0.202111181127/tools/bin/../lib/gcc/arm-none-eabi/10.3.1/thumb/v7e-m+fp/hard\libgcc.a
LOAD c:/st/stm32cubeide_1.6.1/stm32cubeide/plugins/com.st.stm32cube.ide.mcu.externaltools.gnu-tools-for-stm32.10.3-2021.10.win32_1.0.0.202111181127/tools/bin/../lib/gcc/arm-none-eabi/10.3.1/../../../../arm-none-eabi/lib/thumb/v7e-m+fp/hard\libc_nano.a
LOAD c:/st/stm32cubeide_1.6.1/stm32cubeide/plugins/com.st.stm32cube.ide.mcu.externaltools.gnu-tools-for-stm32.10.3-2021.10.win32_1.0.0.202111181127/tools/bin/../lib/gcc/arm-none-eabi/10.3.1/../../../../arm-none-eabi/lib/thumb/v7e-m+fp/hard\libnosys.a
END GROUP
LOAD c:/st/stm32cubeide_1.6.1/stm32cubeide/plugins/com.st.stm32cube.ide.mcu.externaltools.gnu-tools-for-stm32.10.3-2021.10.win32_1.0.0.202111181127/tools/bin/../lib/gcc/arm-none-eabi/10.3.1/thumb/v7e-m+fp/hard/crtend.o
LOAD c:/st/stm32cubeide_1.6.1/stm32cubeide/plugins/com.st.stm32cube.ide.mcu.externaltools.gnu-tools-for-stm32.10.3-2021.10.win32_1.0.0.202111181127/tools/bin/../lib/gcc/arm-none-eabi/10.3.1/thumb/v7e-m+fp/hard/crtn.o
                0x0000000020030000                _estack = (ORIGIN (RAM) + LENGTH (RAM))
                0x0000000000000200                _Min_Heap_Size = 0x200
                0x0000000000000400                _Min_Stack_Size = 0x400

.isr_vector     0x0000000008000000      0x1ac
                0x0000000008000000                . = ALIGN (0x4)
 *(.isr_vector)
 .isr_vector    0x0000000008000000      0x1ac ./Core/Startup/startup_stm32f429zitx.o
                0x0000000008000000                g_pfnVectors
                0x00000000080001ac                . = ALIGN (0x4)

.text           0x00000000080001ac     0x3a58
                0x00000000080001ac                . = ALIGN (0x4)
 *(.text)
 .text          0x00000000080001ac       0x40 c:/st/stm32cubeide_1.6.1/stm32cubeide/plugins/com.st.stm32cube.ide.mcu.externaltools.gnu-tools-for-stm32.10.3-2021.10.win32_1.0.0.202111181127/tools/bin/../lib/gcc/arm-none-eabi/10.3.1/thumb/v7e-m+fp/hard/crtbegin.o
 .text          0x00000000080001ec      0x378 c:/st/stm32cubeide_1.6.1/stm32cubeide/plugins/com.st.stm32cube.ide.mcu.externaltools.gnu-tools-for-stm32.10.3-2021.10.win32_1.0.0.202111181127/tools/bin/../lib/gcc/arm-none-eabi/10.3.1/thumb/v7e-m+fp/hard\libgcc.a(_arm_addsubdf3.o)
                0x00000000080001ec                __aeabi_drsub
                0x00000000080001f4                __aeabi_dsub
                0x00000000080001f4                __subdf3
                0x00000000080001f8                __aeabi_dadd
                0x00000000080001f8                __adddf3
                0x0000000008000470                __floatunsidf
                0x0000000008000470                __aeabi_ui2d
                0x0000000008000490                __floatsidf
                0x0000000008000490                __aeabi_i2d
                0x00000000080004b4                __aeabi_f2d
                0x00000000080004b4                __extendsfdf2
                0x00000000080004f8                __floatundidf
                0x00000000080004f8                __aeabi_ul2d
                0x0000000008000508                __floatdidf
                0x0000000008000508                __aeabi_l2d
 .text          0x0000000008000564      0x424 c:/st/stm32cubeide_1.6.1/stm32cubeide/plugins/com.st.stm32cube.ide.mcu.externaltools.gnu-tools-for-stm32.10.3-2021.10.win32_1.0.0.202111181127/tools/bin/../lib/gcc/arm-none-eabi/10.3.1/thumb/v7e-m+fp/hard\libgcc.a(_arm_muldivdf3.o)
                0x0000000008000564                __aeabi_dmul
                0x0000000008000564                __muldf3
                0x00000000080007b8                __divdf3
                0x00000000080007b8                __aeabi_ddiv
 .text          0x0000000008000988       0xa0 c:/st/stm32cubeide_1.6.1/stm32cubeide/plugins/com.st.stm32cube.ide.mcu.externaltools.gnu-tools-for-stm32.10.3-2021.10.win32_1.0.0.202111181127/tools/bin/../lib/gcc/arm-none-eabi/10.3.1/thumb/v7e-m+fp/hard\libgcc.a(_arm_truncdfsf2.o)
                0x0000000008000988                __truncdfsf2
                0x0000000008000988                __aeabi_d2f
 .text          0x0000000008000a28       0x30 c:/st/stm32cubeide_1.6.1/stm32cubeide/plugins/com.st.stm32cube.ide.mcu.externaltools.gnu-tools-for-stm32.10.3-2021.10.win32_1.0.0.202111181127/tools/bin/../lib/gcc/arm-none-eabi/10.3.1/thumb/v7e-m+fp/hard\libgcc.a(_aeabi_uldivmod.o)
                0x0000000008000a28                __aeabi_uldivmod
 .text          0x0000000008000a58      0x2d0 c:/st/stm32cubeide_1.6.1/stm32cubeide/plugins/com.st.stm32cube.ide.mcu.externaltools.gnu-tools-for-stm32.10.3-2021.10.win32_1.0.0.202111181127/tools/bin/../lib/gcc/arm-none-eabi/10.3.1/thumb/v7e-m+fp/hard\libgcc.a(_udivmoddi4.o)
                0x0000000008000a58                __udivmoddi4
 .text          0x0000000008000d28        0x4 c:/st/stm32cubeide_1.6.1/stm32cubeide/plugins/com.st.stm32cube.ide.mcu.externaltools.gnu-tools-for-stm32.10.3-2021.10.win32_1.0.0.202111181127/tools/bin/../lib/gcc/arm-none-eabi/10.3.1/thumb/v7e-m+fp/hard\libgcc.a(_dvmd_tls.o)
                0x0000000008000d28                __aeabi_idiv0
                0x0000000008000d28                __aeabi_ldiv0
 *(.text*)
 .text.CS_Config_Low
                0x0000000008000d2c       0x18 ./Core/Src/main.o
                0x0000000008000d2c                CS_Config_Low
 .text.CS_Config_High
                0x0000000008000d44       0x18 ./Core/Src/main.o
                0x0000000008000d44                CS_Config_High
 .text.SPI_Read_Write
                0x0000000008000d5c       0x48 ./Core/Src/main.o
                0x0000000008000d5c                SPI_Read_Write
 .text.Read_Register
                0x0000000008000da4       0x2e ./Core/Src/main.o
                0x0000000008000da4                Read_Register
 .text.Write_Register
                0x0000000008000dd2       0x36 ./Core/Src/main.o
                0x0000000008000dd2                Write_Register
 .text.Filter_IIR
                0x0000000008000e08       0x3c ./Core/Src/main.o
                0x0000000008000e08                Filter_IIR
 .text.Power_Mode
                0x0000000008000e44       0x3a ./Core/Src/main.o
                0x0000000008000e44                Power_Mode
 .text.Temperature_OS
                0x0000000008000e7e       0x3c ./Core/Src/main.o
                0x0000000008000e7e                Temperature_OS
 .text.StandbyTime
                0x0000000008000eba       0x3c ./Core/Src/main.o
                0x0000000008000eba                StandbyTime
 .text.getID    0x0000000008000ef6       0x10 ./Core/Src/main.o
                0x0000000008000ef6                getID
 .text.Reset    0x0000000008000f06       0x10 ./Core/Src/main.o
                0x0000000008000f06                Reset
 *fill*         0x0000000008000f16        0x2 
 .text.BMP280_Convert_Formula
                0x0000000008000f18      0x17c ./Core/Src/main.o
                0x0000000008000f18                BMP280_Convert_Formula
 .text.Measure  0x0000000008001094       0x94 ./Core/Src/main.o
                0x0000000008001094                Measure
 .text.Init_Sensor
                0x0000000008001128       0x34 ./Core/Src/main.o
                0x0000000008001128                Init_Sensor
 .text.main     0x000000000800115c      0x16c ./Core/Src/main.o
                0x000000000800115c                main
 .text.SystemClock_Config
                0x00000000080012c8       0xd8 ./Core/Src/main.o
                0x00000000080012c8                SystemClock_Config
 .text.MX_SPI1_Init
                0x00000000080013a0       0x6c ./Core/Src/main.o
 .text.MX_USART1_UART_Init
                0x000000000800140c       0x54 ./Core/Src/main.o
 .text.MX_GPIO_Init
                0x0000000008001460       0xec ./Core/Src/main.o
 .text.Error_Handler
                0x000000000800154c        0xa ./Core/Src/main.o
                0x000000000800154c                Error_Handler
 *fill*         0x0000000008001556        0x2 
 .text.HAL_MspInit
                0x0000000008001558       0x50 ./Core/Src/stm32f4xx_hal_msp.o
                0x0000000008001558                HAL_MspInit
 .text.HAL_SPI_MspInit
                0x00000000080015a8       0x90 ./Core/Src/stm32f4xx_hal_msp.o
                0x00000000080015a8                HAL_SPI_MspInit
 .text.HAL_UART_MspInit
                0x0000000008001638       0x90 ./Core/Src/stm32f4xx_hal_msp.o
                0x0000000008001638                HAL_UART_MspInit
 .text.NMI_Handler
                0x00000000080016c8        0x6 ./Core/Src/stm32f4xx_it.o
                0x00000000080016c8                NMI_Handler
 .text.HardFault_Handler
                0x00000000080016ce        0x6 ./Core/Src/stm32f4xx_it.o
                0x00000000080016ce                HardFault_Handler
 .text.MemManage_Handler
                0x00000000080016d4        0x6 ./Core/Src/stm32f4xx_it.o
                0x00000000080016d4                MemManage_Handler
 .text.BusFault_Handler
                0x00000000080016da        0x6 ./Core/Src/stm32f4xx_it.o
                0x00000000080016da                BusFault_Handler
 .text.UsageFault_Handler
                0x00000000080016e0        0x6 ./Core/Src/stm32f4xx_it.o
                0x00000000080016e0                UsageFault_Handler
 .text.SVC_Handler
                0x00000000080016e6        0xe ./Core/Src/stm32f4xx_it.o
                0x00000000080016e6                SVC_Handler
 .text.DebugMon_Handler
                0x00000000080016f4        0xe ./Core/Src/stm32f4xx_it.o
                0x00000000080016f4                DebugMon_Handler
 .text.PendSV_Handler
                0x0000000008001702        0xe ./Core/Src/stm32f4xx_it.o
                0x0000000008001702                PendSV_Handler
 .text.SysTick_Handler
                0x0000000008001710        0xc ./Core/Src/stm32f4xx_it.o
                0x0000000008001710                SysTick_Handler
 .text.SystemInit
                0x000000000800171c       0x24 ./Core/Src/system_stm32f4xx.o
                0x000000000800171c                SystemInit
 .text.Reset_Handler
                0x0000000008001740       0x50 ./Core/Startup/startup_stm32f429zitx.o
                0x0000000008001740                Reset_Handler
 .text.Default_Handler
                0x0000000008001790        0x2 ./Core/Startup/startup_stm32f429zitx.o
                0x0000000008001790                RTC_Alarm_IRQHandler
                0x0000000008001790                HASH_RNG_IRQHandler
                0x0000000008001790                EXTI2_IRQHandler
                0x0000000008001790                TIM8_CC_IRQHandler
                0x0000000008001790                UART8_IRQHandler
                0x0000000008001790                SPI4_IRQHandler
                0x0000000008001790                TIM1_CC_IRQHandler
                0x0000000008001790                DMA2_Stream5_IRQHandler
                0x0000000008001790                DMA1_Stream5_IRQHandler
                0x0000000008001790                PVD_IRQHandler
                0x0000000008001790                SDIO_IRQHandler
                0x0000000008001790                TAMP_STAMP_IRQHandler
                0x0000000008001790                CAN2_RX1_IRQHandler
                0x0000000008001790                EXTI3_IRQHandler
                0x0000000008001790                TIM8_TRG_COM_TIM14_IRQHandler
                0x0000000008001790                TIM1_UP_TIM10_IRQHandler
                0x0000000008001790                TIM8_UP_TIM13_IRQHandler
                0x0000000008001790                I2C3_ER_IRQHandler
                0x0000000008001790                EXTI0_IRQHandler
                0x0000000008001790                I2C2_EV_IRQHandler
                0x0000000008001790                DMA1_Stream2_IRQHandler
                0x0000000008001790                CAN1_RX0_IRQHandler
                0x0000000008001790                FPU_IRQHandler
                0x0000000008001790                OTG_HS_WKUP_IRQHandler
                0x0000000008001790                LTDC_ER_IRQHandler
                0x0000000008001790                CAN2_SCE_IRQHandler
                0x0000000008001790                DMA2_Stream2_IRQHandler
                0x0000000008001790                SPI1_IRQHandler
                0x0000000008001790                TIM6_DAC_IRQHandler
                0x0000000008001790                TIM1_BRK_TIM9_IRQHandler
                0x0000000008001790                DCMI_IRQHandler
                0x0000000008001790                CAN2_RX0_IRQHandler
                0x0000000008001790                DMA2_Stream3_IRQHandler
                0x0000000008001790                USART6_IRQHandler
                0x0000000008001790                USART3_IRQHandler
                0x0000000008001790                CAN1_RX1_IRQHandler
                0x0000000008001790                UART5_IRQHandler
                0x0000000008001790                DMA2_Stream0_IRQHandler
                0x0000000008001790                TIM4_IRQHandler
                0x0000000008001790                I2C1_EV_IRQHandler
                0x0000000008001790                DMA1_Stream6_IRQHandler
                0x0000000008001790                DMA1_Stream1_IRQHandler
                0x0000000008001790                UART4_IRQHandler
                0x0000000008001790                TIM3_IRQHandler
                0x0000000008001790                RCC_IRQHandler
                0x0000000008001790                TIM8_BRK_TIM12_IRQHandler
                0x0000000008001790                Default_Handler
                0x0000000008001790                EXTI15_10_IRQHandler
                0x0000000008001790                ADC_IRQHandler
                0x0000000008001790                DMA1_Stream7_IRQHandler
                0x0000000008001790                SPI5_IRQHandler
                0x0000000008001790                TIM7_IRQHandler
                0x0000000008001790                CAN2_TX_IRQHandler
                0x0000000008001790                TIM5_IRQHandler
                0x0000000008001790                DMA2_Stream7_IRQHandler
                0x0000000008001790                I2C3_EV_IRQHandler
                0x0000000008001790                EXTI9_5_IRQHandler
                0x0000000008001790                RTC_WKUP_IRQHandler
                0x0000000008001790                LTDC_IRQHandler
                0x0000000008001790                ETH_WKUP_IRQHandler
                0x0000000008001790                SPI2_IRQHandler
                0x0000000008001790                OTG_HS_EP1_IN_IRQHandler
                0x0000000008001790                DMA1_Stream0_IRQHandler
                0x0000000008001790                CAN1_TX_IRQHandler
                0x0000000008001790                EXTI4_IRQHandler
                0x0000000008001790                ETH_IRQHandler
                0x0000000008001790                OTG_HS_EP1_OUT_IRQHandler
                0x0000000008001790                WWDG_IRQHandler
                0x0000000008001790                SPI6_IRQHandler
                0x0000000008001790                TIM2_IRQHandler
                0x0000000008001790                OTG_FS_WKUP_IRQHandler
                0x0000000008001790                TIM1_TRG_COM_TIM11_IRQHandler
                0x0000000008001790                OTG_HS_IRQHandler
                0x0000000008001790                DMA2D_IRQHandler
                0x0000000008001790                EXTI1_IRQHandler
                0x0000000008001790                UART7_IRQHandler
                0x0000000008001790                USART2_IRQHandler
                0x0000000008001790                I2C2_ER_IRQHandler
                0x0000000008001790                DMA2_Stream1_IRQHandler
                0x0000000008001790                CAN1_SCE_IRQHandler
                0x0000000008001790                FLASH_IRQHandler
                0x0000000008001790                DMA2_Stream4_IRQHandler
                0x0000000008001790                USART1_IRQHandler
                0x0000000008001790                OTG_FS_IRQHandler
                0x0000000008001790                SPI3_IRQHandler
                0x0000000008001790                DMA1_Stream4_IRQHandler
                0x0000000008001790                I2C1_ER_IRQHandler
                0x0000000008001790                FMC_IRQHandler
                0x0000000008001790                DMA2_Stream6_IRQHandler
                0x0000000008001790                SAI1_IRQHandler
                0x0000000008001790                DMA1_Stream3_IRQHandler
 *fill*         0x0000000008001792        0x2 
 .text.HAL_Init
                0x0000000008001794       0x44 ./Drivers/STM32F4xx_HAL_Driver/Src/stm32f4xx_hal.o
                0x0000000008001794                HAL_Init
 .text.HAL_InitTick
                0x00000000080017d8       0x60 ./Drivers/STM32F4xx_HAL_Driver/Src/stm32f4xx_hal.o
                0x00000000080017d8                HAL_InitTick
 .text.HAL_IncTick
                0x0000000008001838       0x28 ./Drivers/STM32F4xx_HAL_Driver/Src/stm32f4xx_hal.o
                0x0000000008001838                HAL_IncTick
 .text.HAL_GetTick
                0x0000000008001860       0x18 ./Drivers/STM32F4xx_HAL_Driver/Src/stm32f4xx_hal.o
                0x0000000008001860                HAL_GetTick
 .text.HAL_Delay
                0x0000000008001878       0x48 ./Drivers/STM32F4xx_HAL_Driver/Src/stm32f4xx_hal.o
                0x0000000008001878                HAL_Delay
 .text.__NVIC_SetPriorityGrouping
                0x00000000080018c0       0x48 ./Drivers/STM32F4xx_HAL_Driver/Src/stm32f4xx_hal_cortex.o
 .text.__NVIC_GetPriorityGrouping
                0x0000000008001908       0x1c ./Drivers/STM32F4xx_HAL_Driver/Src/stm32f4xx_hal_cortex.o
 .text.__NVIC_SetPriority
                0x0000000008001924       0x54 ./Drivers/STM32F4xx_HAL_Driver/Src/stm32f4xx_hal_cortex.o
 .text.NVIC_EncodePriority
                0x0000000008001978       0x66 ./Drivers/STM32F4xx_HAL_Driver/Src/stm32f4xx_hal_cortex.o
 *fill*         0x00000000080019de        0x2 
 .text.SysTick_Config
                0x00000000080019e0       0x44 ./Drivers/STM32F4xx_HAL_Driver/Src/stm32f4xx_hal_cortex.o
 .text.HAL_NVIC_SetPriorityGrouping
                0x0000000008001a24       0x16 ./Drivers/STM32F4xx_HAL_Driver/Src/stm32f4xx_hal_cortex.o
                0x0000000008001a24                HAL_NVIC_SetPriorityGrouping
 .text.HAL_NVIC_SetPriority
                0x0000000008001a3a       0x38 ./Drivers/STM32F4xx_HAL_Driver/Src/stm32f4xx_hal_cortex.o
                0x0000000008001a3a                HAL_NVIC_SetPriority
 .text.HAL_SYSTICK_Config
                0x0000000008001a72       0x18 ./Drivers/STM32F4xx_HAL_Driver/Src/stm32f4xx_hal_cortex.o
                0x0000000008001a72                HAL_SYSTICK_Config
 *fill*         0x0000000008001a8a        0x2 
 .text.HAL_GPIO_Init
                0x0000000008001a8c      0x358 ./Drivers/STM32F4xx_HAL_Driver/Src/stm32f4xx_hal_gpio.o
                0x0000000008001a8c                HAL_GPIO_Init
 .text.HAL_GPIO_WritePin
                0x0000000008001de4       0x32 ./Drivers/STM32F4xx_HAL_Driver/Src/stm32f4xx_hal_gpio.o
                0x0000000008001de4                HAL_GPIO_WritePin
 .text.HAL_GPIO_TogglePin
                0x0000000008001e16       0x34 ./Drivers/STM32F4xx_HAL_Driver/Src/stm32f4xx_hal_gpio.o
                0x0000000008001e16                HAL_GPIO_TogglePin
 *fill*         0x0000000008001e4a        0x2 
 .text.HAL_RCC_OscConfig
                0x0000000008001e4c      0x4f0 ./Drivers/STM32F4xx_HAL_Driver/Src/stm32f4xx_hal_rcc.o
                0x0000000008001e4c                HAL_RCC_OscConfig
 .text.HAL_RCC_ClockConfig
                0x000000000800233c      0x1cc ./Drivers/STM32F4xx_HAL_Driver/Src/stm32f4xx_hal_rcc.o
                0x000000000800233c                HAL_RCC_ClockConfig
 .text.HAL_RCC_GetSysClockFreq
                0x0000000008002508      0x20c ./Drivers/STM32F4xx_HAL_Driver/Src/stm32f4xx_hal_rcc.o
                0x0000000008002508                HAL_RCC_GetSysClockFreq
 .text.HAL_RCC_GetHCLKFreq
                0x0000000008002714       0x18 ./Drivers/STM32F4xx_HAL_Driver/Src/stm32f4xx_hal_rcc.o
                0x0000000008002714                HAL_RCC_GetHCLKFreq
 .text.HAL_RCC_GetPCLK1Freq
                0x000000000800272c       0x28 ./Drivers/STM32F4xx_HAL_Driver/Src/stm32f4xx_hal_rcc.o
                0x000000000800272c                HAL_RCC_GetPCLK1Freq
 .text.HAL_RCC_GetPCLK2Freq
                0x0000000008002754       0x28 ./Drivers/STM32F4xx_HAL_Driver/Src/stm32f4xx_hal_rcc.o
                0x0000000008002754                HAL_RCC_GetPCLK2Freq
 .text.HAL_SPI_Init
                0x000000000800277c      0x112 ./Drivers/STM32F4xx_HAL_Driver/Src/stm32f4xx_hal_spi.o
                0x000000000800277c                HAL_SPI_Init
 .text.HAL_SPI_Transmit
                0x000000000800288e      0x278 ./Drivers/STM32F4xx_HAL_Driver/Src/stm32f4xx_hal_spi.o
                0x000000000800288e                HAL_SPI_Transmit
 .text.HAL_SPI_Receive
                0x0000000008002b06      0x222 ./Drivers/STM32F4xx_HAL_Driver/Src/stm32f4xx_hal_spi.o
                0x0000000008002b06                HAL_SPI_Receive
 .text.HAL_SPI_TransmitReceive
                0x0000000008002d28      0x344 ./Drivers/STM32F4xx_HAL_Driver/Src/stm32f4xx_hal_spi.o
                0x0000000008002d28                HAL_SPI_TransmitReceive
 .text.SPI_WaitFlagStateUntilTimeout
                0x000000000800306c      0x110 ./Drivers/STM32F4xx_HAL_Driver/Src/stm32f4xx_hal_spi.o
 .text.SPI_EndRxTransaction
                0x000000000800317c       0xca ./Drivers/STM32F4xx_HAL_Driver/Src/stm32f4xx_hal_spi.o
 *fill*         0x0000000008003246        0x2 
 .text.SPI_EndRxTxTransaction
                0x0000000008003248       0x84 ./Drivers/STM32F4xx_HAL_Driver/Src/stm32f4xx_hal_spi.o
 .text.HAL_UART_Init
                0x00000000080032cc       0x9a ./Drivers/STM32F4xx_HAL_Driver/Src/stm32f4xx_hal_uart.o
                0x00000000080032cc                HAL_UART_Init
 .text.HAL_UART_Transmit
                0x0000000008003366      0x124 ./Drivers/STM32F4xx_HAL_Driver/Src/stm32f4xx_hal_uart.o
                0x0000000008003366                HAL_UART_Transmit
 .text.HAL_UART_Receive
                0x000000000800348a      0x144 ./Drivers/STM32F4xx_HAL_Driver/Src/stm32f4xx_hal_uart.o
                0x000000000800348a                HAL_UART_Receive
 .text.UART_WaitOnFlagUntilTimeout
                0x00000000080035ce       0xdc ./Drivers/STM32F4xx_HAL_Driver/Src/stm32f4xx_hal_uart.o
 *fill*         0x00000000080036aa        0x2 
 .text.UART_SetConfig
                0x00000000080036ac      0x4e8 ./Drivers/STM32F4xx_HAL_Driver/Src/stm32f4xx_hal_uart.o
 .text.__libc_init_array
                0x0000000008003b94       0x48 c:/st/stm32cubeide_1.6.1/stm32cubeide/plugins/com.st.stm32cube.ide.mcu.externaltools.gnu-tools-for-stm32.10.3-2021.10.win32_1.0.0.202111181127/tools/bin/../lib/gcc/arm-none-eabi/10.3.1/../../../../arm-none-eabi/lib/thumb/v7e-m+fp/hard\libc_nano.a(lib_a-init.o)
                0x0000000008003b94                __libc_init_array
 .text.memset   0x0000000008003bdc       0x10 c:/st/stm32cubeide_1.6.1/stm32cubeide/plugins/com.st.stm32cube.ide.mcu.externaltools.gnu-tools-for-stm32.10.3-2021.10.win32_1.0.0.202111181127/tools/bin/../lib/gcc/arm-none-eabi/10.3.1/../../../../arm-none-eabi/lib/thumb/v7e-m+fp/hard\libc_nano.a(lib_a-memset.o)
                0x0000000008003bdc                memset
 *(.glue_7)
 .glue_7        0x0000000008003bec        0x0 linker stubs
 *(.glue_7t)
 .glue_7t       0x0000000008003bec        0x0 linker stubs
 *(.eh_frame)
 .eh_frame      0x0000000008003bec        0x0 c:/st/stm32cubeide_1.6.1/stm32cubeide/plugins/com.st.stm32cube.ide.mcu.externaltools.gnu-tools-for-stm32.10.3-2021.10.win32_1.0.0.202111181127/tools/bin/../lib/gcc/arm-none-eabi/10.3.1/thumb/v7e-m+fp/hard/crtbegin.o
 *(.init)
 .init          0x0000000008003bec        0x4 c:/st/stm32cubeide_1.6.1/stm32cubeide/plugins/com.st.stm32cube.ide.mcu.externaltools.gnu-tools-for-stm32.10.3-2021.10.win32_1.0.0.202111181127/tools/bin/../lib/gcc/arm-none-eabi/10.3.1/thumb/v7e-m+fp/hard/crti.o
                0x0000000008003bec                _init
 .init          0x0000000008003bf0        0x8 c:/st/stm32cubeide_1.6.1/stm32cubeide/plugins/com.st.stm32cube.ide.mcu.externaltools.gnu-tools-for-stm32.10.3-2021.10.win32_1.0.0.202111181127/tools/bin/../lib/gcc/arm-none-eabi/10.3.1/thumb/v7e-m+fp/hard/crtn.o
 *(.fini)
 .fini          0x0000000008003bf8        0x4 c:/st/stm32cubeide_1.6.1/stm32cubeide/plugins/com.st.stm32cube.ide.mcu.externaltools.gnu-tools-for-stm32.10.3-2021.10.win32_1.0.0.202111181127/tools/bin/../lib/gcc/arm-none-eabi/10.3.1/thumb/v7e-m+fp/hard/crti.o
                0x0000000008003bf8                _fini
 .fini          0x0000000008003bfc        0x8 c:/st/stm32cubeide_1.6.1/stm32cubeide/plugins/com.st.stm32cube.ide.mcu.externaltools.gnu-tools-for-stm32.10.3-2021.10.win32_1.0.0.202111181127/tools/bin/../lib/gcc/arm-none-eabi/10.3.1/thumb/v7e-m+fp/hard/crtn.o
                0x0000000008003c04                . = ALIGN (0x4)
                0x0000000008003c04                _etext = .

.vfp11_veneer   0x0000000008003c04        0x0
 .vfp11_veneer  0x0000000008003c04        0x0 linker stubs

.v4_bx          0x0000000008003c04        0x0
 .v4_bx         0x0000000008003c04        0x0 linker stubs

.iplt           0x0000000008003c04        0x0
 .iplt          0x0000000008003c04        0x0 c:/st/stm32cubeide_1.6.1/stm32cubeide/plugins/com.st.stm32cube.ide.mcu.externaltools.gnu-tools-for-stm32.10.3-2021.10.win32_1.0.0.202111181127/tools/bin/../lib/gcc/arm-none-eabi/10.3.1/thumb/v7e-m+fp/hard/crtbegin.o

.rodata         0x0000000008003c04       0x60
                0x0000000008003c04                . = ALIGN (0x4)
 *(.rodata)
 .rodata        0x0000000008003c04       0x47 ./Core/Src/main.o
 *(.rodata*)
 *fill*         0x0000000008003c4b        0x1 
 .rodata.AHBPrescTable
                0x0000000008003c4c       0x10 ./Core/Src/system_stm32f4xx.o
                0x0000000008003c4c                AHBPrescTable
 .rodata.APBPrescTable
                0x0000000008003c5c        0x8 ./Core/Src/system_stm32f4xx.o
                0x0000000008003c5c                APBPrescTable
                0x0000000008003c64                . = ALIGN (0x4)

.ARM.extab      0x0000000008003c64        0x0
                0x0000000008003c64                . = ALIGN (0x4)
 *(.ARM.extab* .gnu.linkonce.armextab.*)
                0x0000000008003c64                . = ALIGN (0x4)

.ARM            0x0000000008003c64        0x8
                0x0000000008003c64                . = ALIGN (0x4)
                0x0000000008003c64                __exidx_start = .
 *(.ARM.exidx*)
 .ARM.exidx     0x0000000008003c64        0x8 c:/st/stm32cubeide_1.6.1/stm32cubeide/plugins/com.st.stm32cube.ide.mcu.externaltools.gnu-tools-for-stm32.10.3-2021.10.win32_1.0.0.202111181127/tools/bin/../lib/gcc/arm-none-eabi/10.3.1/thumb/v7e-m+fp/hard\libgcc.a(_udivmoddi4.o)
                0x0000000008003c6c                __exidx_end = .
                0x0000000008003c6c                . = ALIGN (0x4)

.rel.dyn        0x0000000008003c6c        0x0
 .rel.iplt      0x0000000008003c6c        0x0 c:/st/stm32cubeide_1.6.1/stm32cubeide/plugins/com.st.stm32cube.ide.mcu.externaltools.gnu-tools-for-stm32.10.3-2021.10.win32_1.0.0.202111181127/tools/bin/../lib/gcc/arm-none-eabi/10.3.1/thumb/v7e-m+fp/hard/crtbegin.o

.preinit_array  0x0000000008003c6c        0x0
                0x0000000008003c6c                . = ALIGN (0x4)
                0x0000000008003c6c                PROVIDE (__preinit_array_start = .)
 *(.preinit_array*)
                0x0000000008003c6c                PROVIDE (__preinit_array_end = .)
                0x0000000008003c6c                . = ALIGN (0x4)

.init_array     0x0000000008003c6c        0x4
                0x0000000008003c6c                . = ALIGN (0x4)
                0x0000000008003c6c                PROVIDE (__init_array_start = .)
 *(SORT_BY_NAME(.init_array.*))
 *(.init_array*)
 .init_array    0x0000000008003c6c        0x4 c:/st/stm32cubeide_1.6.1/stm32cubeide/plugins/com.st.stm32cube.ide.mcu.externaltools.gnu-tools-for-stm32.10.3-2021.10.win32_1.0.0.202111181127/tools/bin/../lib/gcc/arm-none-eabi/10.3.1/thumb/v7e-m+fp/hard/crtbegin.o
                0x0000000008003c70                PROVIDE (__init_array_end = .)
                0x0000000008003c70                . = ALIGN (0x4)

.fini_array     0x0000000008003c70        0x4
                0x0000000008003c70                . = ALIGN (0x4)
                [!provide]                        PROVIDE (__fini_array_start = .)
 *(SORT_BY_NAME(.fini_array.*))
 *(.fini_array*)
 .fini_array    0x0000000008003c70        0x4 c:/st/stm32cubeide_1.6.1/stm32cubeide/plugins/com.st.stm32cube.ide.mcu.externaltools.gnu-tools-for-stm32.10.3-2021.10.win32_1.0.0.202111181127/tools/bin/../lib/gcc/arm-none-eabi/10.3.1/thumb/v7e-m+fp/hard/crtbegin.o
                [!provide]                        PROVIDE (__fini_array_end = .)
                0x0000000008003c74                . = ALIGN (0x4)
                0x0000000008003c74                _sidata = LOADADDR (.data)

.data           0x0000000020000000        0xc load address 0x0000000008003c74
                0x0000000020000000                . = ALIGN (0x4)
                0x0000000020000000                _sdata = .
 *(.data)
 *(.data*)
 .data.SystemCoreClock
                0x0000000020000000        0x4 ./Core/Src/system_stm32f4xx.o
                0x0000000020000000                SystemCoreClock
 .data.uwTickPrio
                0x0000000020000004        0x4 ./Drivers/STM32F4xx_HAL_Driver/Src/stm32f4xx_hal.o
                0x0000000020000004                uwTickPrio
 .data.uwTickFreq
                0x0000000020000008        0x1 ./Drivers/STM32F4xx_HAL_Driver/Src/stm32f4xx_hal.o
                0x0000000020000008                uwTickFreq
 *(.RamFunc)
 *(.RamFunc*)
                0x000000002000000c                . = ALIGN (0x4)
 *fill*         0x0000000020000009        0x3 
                0x000000002000000c                _edata = .

.igot.plt       0x000000002000000c        0x0 load address 0x0000000008003c80
 .igot.plt      0x000000002000000c        0x0 c:/st/stm32cubeide_1.6.1/stm32cubeide/plugins/com.st.stm32cube.ide.mcu.externaltools.gnu-tools-for-stm32.10.3-2021.10.win32_1.0.0.202111181127/tools/bin/../lib/gcc/arm-none-eabi/10.3.1/thumb/v7e-m+fp/hard/crtbegin.o
                0x000000002000000c                . = ALIGN (0x4)

.bss            0x000000002000000c       0xc0 load address 0x0000000008003c80
                0x000000002000000c                _sbss = .
                0x000000002000000c                __bss_start__ = _sbss
 *(.bss)
 .bss           0x000000002000000c       0x1c c:/st/stm32cubeide_1.6.1/stm32cubeide/plugins/com.st.stm32cube.ide.mcu.externaltools.gnu-tools-for-stm32.10.3-2021.10.win32_1.0.0.202111181127/tools/bin/../lib/gcc/arm-none-eabi/10.3.1/thumb/v7e-m+fp/hard/crtbegin.o
 *(.bss*)
 .bss.hspi1     0x0000000020000028       0x58 ./Core/Src/main.o
                0x0000000020000028                hspi1
 .bss.huart1    0x0000000020000080       0x44 ./Core/Src/main.o
                0x0000000020000080                huart1
 .bss.temperature_in_degrees
                0x00000000200000c4        0x4 ./Core/Src/main.o
                0x00000000200000c4                temperature_in_degrees
 .bss.uwTick    0x00000000200000c8        0x4 ./Drivers/STM32F4xx_HAL_Driver/Src/stm32f4xx_hal.o
                0x00000000200000c8                uwTick
 *(COMMON)
                0x00000000200000cc                . = ALIGN (0x4)
                0x00000000200000cc                _ebss = .
                0x00000000200000cc                __bss_end__ = _ebss

._user_heap_stack
                0x00000000200000cc      0x604 load address 0x0000000008003c80
                0x00000000200000d0                . = ALIGN (0x8)
 *fill*         0x00000000200000cc        0x4 
                [!provide]                        PROVIDE (end = .)
                0x00000000200000d0                PROVIDE (_end = .)
                0x00000000200002d0                . = (. + _Min_Heap_Size)
 *fill*         0x00000000200000d0      0x200 
                0x00000000200006d0                . = (. + _Min_Stack_Size)
 *fill*         0x00000000200002d0      0x400 
                0x00000000200006d0                . = ALIGN (0x8)

/DISCARD/
 libc.a(*)
 libm.a(*)
 libgcc.a(*)

.ARM.attributes
                0x0000000000000000       0x30
 *(.ARM.attributes)
 .ARM.attributes
                0x0000000000000000       0x1e c:/st/stm32cubeide_1.6.1/stm32cubeide/plugins/com.st.stm32cube.ide.mcu.externaltools.gnu-tools-for-stm32.10.3-2021.10.win32_1.0.0.202111181127/tools/bin/../lib/gcc/arm-none-eabi/10.3.1/thumb/v7e-m+fp/hard/crti.o
 .ARM.attributes
                0x000000000000001e       0x34 c:/st/stm32cubeide_1.6.1/stm32cubeide/plugins/com.st.stm32cube.ide.mcu.externaltools.gnu-tools-for-stm32.10.3-2021.10.win32_1.0.0.202111181127/tools/bin/../lib/gcc/arm-none-eabi/10.3.1/thumb/v7e-m+fp/hard/crtbegin.o
 .ARM.attributes
                0x0000000000000052       0x34 ./Core/Src/main.o
 .ARM.attributes
                0x0000000000000086       0x34 ./Core/Src/stm32f4xx_hal_msp.o
 .ARM.attributes
                0x00000000000000ba       0x34 ./Core/Src/stm32f4xx_it.o
 .ARM.attributes
                0x00000000000000ee       0x34 ./Core/Src/system_stm32f4xx.o
 .ARM.attributes
                0x0000000000000122       0x21 ./Core/Startup/startup_stm32f429zitx.o
 .ARM.attributes
                0x0000000000000143       0x34 ./Drivers/STM32F4xx_HAL_Driver/Src/stm32f4xx_hal.o
 .ARM.attributes
                0x0000000000000177       0x34 ./Drivers/STM32F4xx_HAL_Driver/Src/stm32f4xx_hal_cortex.o
 .ARM.attributes
                0x00000000000001ab       0x34 ./Drivers/STM32F4xx_HAL_Driver/Src/stm32f4xx_hal_gpio.o
 .ARM.attributes
                0x00000000000001df       0x34 ./Drivers/STM32F4xx_HAL_Driver/Src/stm32f4xx_hal_rcc.o
 .ARM.attributes
                0x0000000000000213       0x34 ./Drivers/STM32F4xx_HAL_Driver/Src/stm32f4xx_hal_spi.o
 .ARM.attributes
                0x0000000000000247       0x34 ./Drivers/STM32F4xx_HAL_Driver/Src/stm32f4xx_hal_uart.o
 .ARM.attributes
                0x000000000000027b       0x34 c:/st/stm32cubeide_1.6.1/stm32cubeide/plugins/com.st.stm32cube.ide.mcu.externaltools.gnu-tools-for-stm32.10.3-2021.10.win32_1.0.0.202111181127/tools/bin/../lib/gcc/arm-none-eabi/10.3.1/../../../../arm-none-eabi/lib/thumb/v7e-m+fp/hard\libc_nano.a(lib_a-init.o)
 .ARM.attributes
                0x00000000000002af       0x34 c:/st/stm32cubeide_1.6.1/stm32cubeide/plugins/com.st.stm32cube.ide.mcu.externaltools.gnu-tools-for-stm32.10.3-2021.10.win32_1.0.0.202111181127/tools/bin/../lib/gcc/arm-none-eabi/10.3.1/../../../../arm-none-eabi/lib/thumb/v7e-m+fp/hard\libc_nano.a(lib_a-memset.o)
 .ARM.attributes
                0x00000000000002e3       0x1e c:/st/stm32cubeide_1.6.1/stm32cubeide/plugins/com.st.stm32cube.ide.mcu.externaltools.gnu-tools-for-stm32.10.3-2021.10.win32_1.0.0.202111181127/tools/bin/../lib/gcc/arm-none-eabi/10.3.1/thumb/v7e-m+fp/hard\libgcc.a(_arm_addsubdf3.o)
 .ARM.attributes
                0x0000000000000301       0x1e c:/st/stm32cubeide_1.6.1/stm32cubeide/plugins/com.st.stm32cube.ide.mcu.externaltools.gnu-tools-for-stm32.10.3-2021.10.win32_1.0.0.202111181127/tools/bin/../lib/gcc/arm-none-eabi/10.3.1/thumb/v7e-m+fp/hard\libgcc.a(_arm_muldivdf3.o)
 .ARM.attributes
                0x000000000000031f       0x1e c:/st/stm32cubeide_1.6.1/stm32cubeide/plugins/com.st.stm32cube.ide.mcu.externaltools.gnu-tools-for-stm32.10.3-2021.10.win32_1.0.0.202111181127/tools/bin/../lib/gcc/arm-none-eabi/10.3.1/thumb/v7e-m+fp/hard\libgcc.a(_arm_truncdfsf2.o)
 .ARM.attributes
                0x000000000000033d       0x1e c:/st/stm32cubeide_1.6.1/stm32cubeide/plugins/com.st.stm32cube.ide.mcu.externaltools.gnu-tools-for-stm32.10.3-2021.10.win32_1.0.0.202111181127/tools/bin/../lib/gcc/arm-none-eabi/10.3.1/thumb/v7e-m+fp/hard\libgcc.a(_aeabi_uldivmod.o)
 .ARM.attributes
                0x000000000000035b       0x34 c:/st/stm32cubeide_1.6.1/stm32cubeide/plugins/com.st.stm32cube.ide.mcu.externaltools.gnu-tools-for-stm32.10.3-2021.10.win32_1.0.0.202111181127/tools/bin/../lib/gcc/arm-none-eabi/10.3.1/thumb/v7e-m+fp/hard\libgcc.a(_udivmoddi4.o)
 .ARM.attributes
                0x000000000000038f       0x1e c:/st/stm32cubeide_1.6.1/stm32cubeide/plugins/com.st.stm32cube.ide.mcu.externaltools.gnu-tools-for-stm32.10.3-2021.10.win32_1.0.0.202111181127/tools/bin/../lib/gcc/arm-none-eabi/10.3.1/thumb/v7e-m+fp/hard\libgcc.a(_dvmd_tls.o)
 .ARM.attributes
                0x00000000000003ad       0x1e c:/st/stm32cubeide_1.6.1/stm32cubeide/plugins/com.st.stm32cube.ide.mcu.externaltools.gnu-tools-for-stm32.10.3-2021.10.win32_1.0.0.202111181127/tools/bin/../lib/gcc/arm-none-eabi/10.3.1/thumb/v7e-m+fp/hard/crtn.o
OUTPUT(002_UART_SPI.elf elf32-littlearm)
LOAD linker stubs
LOAD c:/st/stm32cubeide_1.6.1/stm32cubeide/plugins/com.st.stm32cube.ide.mcu.externaltools.gnu-tools-for-stm32.10.3-2021.10.win32_1.0.0.202111181127/tools/bin/../lib/gcc/arm-none-eabi/10.3.1/../../../../arm-none-eabi/lib/thumb/v7e-m+fp/hard\libc.a
LOAD c:/st/stm32cubeide_1.6.1/stm32cubeide/plugins/com.st.stm32cube.ide.mcu.externaltools.gnu-tools-for-stm32.10.3-2021.10.win32_1.0.0.202111181127/tools/bin/../lib/gcc/arm-none-eabi/10.3.1/../../../../arm-none-eabi/lib/thumb/v7e-m+fp/hard\libm.a
LOAD c:/st/stm32cubeide_1.6.1/stm32cubeide/plugins/com.st.stm32cube.ide.mcu.externaltools.gnu-tools-for-stm32.10.3-2021.10.win32_1.0.0.202111181127/tools/bin/../lib/gcc/arm-none-eabi/10.3.1/thumb/v7e-m+fp/hard\libgcc.a

.debug_info     0x0000000000000000     0x9ab5
 .debug_info    0x0000000000000000     0x154a ./Core/Src/main.o
 .debug_info    0x000000000000154a      0xca9 ./Core/Src/stm32f4xx_hal_msp.o
 .debug_info    0x00000000000021f3      0x121 ./Core/Src/stm32f4xx_it.o
 .debug_info    0x0000000000002314      0x53f ./Core/Src/system_stm32f4xx.o
 .debug_info    0x0000000000002853       0x22 ./Core/Startup/startup_stm32f429zitx.o
 .debug_info    0x0000000000002875      0x9f4 ./Drivers/STM32F4xx_HAL_Driver/Src/stm32f4xx_hal.o
 .debug_info    0x0000000000003269      0xe51 ./Drivers/STM32F4xx_HAL_Driver/Src/stm32f4xx_hal_cortex.o
 .debug_info    0x00000000000040ba      0x786 ./Drivers/STM32F4xx_HAL_Driver/Src/stm32f4xx_hal_gpio.o
 .debug_info    0x0000000000004840      0x982 ./Drivers/STM32F4xx_HAL_Driver/Src/stm32f4xx_hal_rcc.o
 .debug_info    0x00000000000051c2     0x1758 ./Drivers/STM32F4xx_HAL_Driver/Src/stm32f4xx_hal_spi.o
 .debug_info    0x000000000000691a     0x319b ./Drivers/STM32F4xx_HAL_Driver/Src/stm32f4xx_hal_uart.o

.debug_abbrev   0x0000000000000000     0x1556
 .debug_abbrev  0x0000000000000000      0x325 ./Core/Src/main.o
 .debug_abbrev  0x0000000000000325      0x1a9 ./Core/Src/stm32f4xx_hal_msp.o
 .debug_abbrev  0x00000000000004ce       0x74 ./Core/Src/stm32f4xx_it.o
 .debug_abbrev  0x0000000000000542      0x116 ./Core/Src/system_stm32f4xx.o
 .debug_abbrev  0x0000000000000658       0x12 ./Core/Startup/startup_stm32f429zitx.o
 .debug_abbrev  0x000000000000066a      0x20d ./Drivers/STM32F4xx_HAL_Driver/Src/stm32f4xx_hal.o
 .debug_abbrev  0x0000000000000877      0x316 ./Drivers/STM32F4xx_HAL_Driver/Src/stm32f4xx_hal_cortex.o
 .debug_abbrev  0x0000000000000b8d      0x1c4 ./Drivers/STM32F4xx_HAL_Driver/Src/stm32f4xx_hal_gpio.o
 .debug_abbrev  0x0000000000000d51      0x2aa ./Drivers/STM32F4xx_HAL_Driver/Src/stm32f4xx_hal_rcc.o
 .debug_abbrev  0x0000000000000ffb      0x26e ./Drivers/STM32F4xx_HAL_Driver/Src/stm32f4xx_hal_spi.o
 .debug_abbrev  0x0000000000001269      0x2ed ./Drivers/STM32F4xx_HAL_Driver/Src/stm32f4xx_hal_uart.o

.debug_aranges  0x0000000000000000      0x870
 .debug_aranges
                0x0000000000000000       0xb8 ./Core/Src/main.o
 .debug_aranges
                0x00000000000000b8       0x40 ./Core/Src/stm32f4xx_hal_msp.o
 .debug_aranges
                0x00000000000000f8       0x60 ./Core/Src/stm32f4xx_it.o
 .debug_aranges
                0x0000000000000158       0x28 ./Core/Src/system_stm32f4xx.o
 .debug_aranges
                0x0000000000000180       0x28 ./Core/Startup/startup_stm32f429zitx.o
 .debug_aranges
                0x00000000000001a8      0x100 ./Drivers/STM32F4xx_HAL_Driver/Src/stm32f4xx_hal.o
 .debug_aranges
                0x00000000000002a8      0x118 ./Drivers/STM32F4xx_HAL_Driver/Src/stm32f4xx_hal_cortex.o
 .debug_aranges
                0x00000000000003c0       0x58 ./Drivers/STM32F4xx_HAL_Driver/Src/stm32f4xx_hal_gpio.o
 .debug_aranges
                0x0000000000000418       0x88 ./Drivers/STM32F4xx_HAL_Driver/Src/stm32f4xx_hal_rcc.o
 .debug_aranges
                0x00000000000004a0      0x1d0 ./Drivers/STM32F4xx_HAL_Driver/Src/stm32f4xx_hal_spi.o
 .debug_aranges
                0x0000000000000670      0x200 ./Drivers/STM32F4xx_HAL_Driver/Src/stm32f4xx_hal_uart.o

.debug_ranges   0x0000000000000000      0x7f8
 .debug_ranges  0x0000000000000000       0xa8 ./Core/Src/main.o
 .debug_ranges  0x00000000000000a8       0x30 ./Core/Src/stm32f4xx_hal_msp.o
 .debug_ranges  0x00000000000000d8       0x50 ./Core/Src/stm32f4xx_it.o
 .debug_ranges  0x0000000000000128       0x18 ./Core/Src/system_stm32f4xx.o
 .debug_ranges  0x0000000000000140       0x20 ./Core/Startup/startup_stm32f429zitx.o
 .debug_ranges  0x0000000000000160       0xf0 ./Drivers/STM32F4xx_HAL_Driver/Src/stm32f4xx_hal.o
 .debug_ranges  0x0000000000000250      0x108 ./Drivers/STM32F4xx_HAL_Driver/Src/stm32f4xx_hal_cortex.o
 .debug_ranges  0x0000000000000358       0x48 ./Drivers/STM32F4xx_HAL_Driver/Src/stm32f4xx_hal_gpio.o
 .debug_ranges  0x00000000000003a0       0x78 ./Drivers/STM32F4xx_HAL_Driver/Src/stm32f4xx_hal_rcc.o
 .debug_ranges  0x0000000000000418      0x1c0 ./Drivers/STM32F4xx_HAL_Driver/Src/stm32f4xx_hal_spi.o
 .debug_ranges  0x00000000000005d8      0x220 ./Drivers/STM32F4xx_HAL_Driver/Src/stm32f4xx_hal_uart.o

.debug_macro    0x0000000000000000    0x229f6
 .debug_macro   0x0000000000000000      0x34a ./Core/Src/main.o
 .debug_macro   0x000000000000034a      0xa78 ./Core/Src/main.o
 .debug_macro   0x0000000000000dc2      0x29b ./Core/Src/main.o
 .debug_macro   0x000000000000105d       0x2e ./Core/Src/main.o
 .debug_macro   0x000000000000108b       0x28 ./Core/Src/main.o
 .debug_macro   0x00000000000010b3       0x22 ./Core/Src/main.o
 .debug_macro   0x00000000000010d5       0x8e ./Core/Src/main.o
 .debug_macro   0x0000000000001163       0x51 ./Core/Src/main.o
 .debug_macro   0x00000000000011b4      0x103 ./Core/Src/main.o
 .debug_macro   0x00000000000012b7       0x6a ./Core/Src/main.o
 .debug_macro   0x0000000000001321      0x1df ./Core/Src/main.o
 .debug_macro   0x0000000000001500       0x1c ./Core/Src/main.o
 .debug_macro   0x000000000000151c       0x22 ./Core/Src/main.o
 .debug_macro   0x000000000000153e       0xd9 ./Core/Src/main.o
 .debug_macro   0x0000000000001617     0x102d ./Core/Src/main.o
 .debug_macro   0x0000000000002644      0x11f ./Core/Src/main.o
 .debug_macro   0x0000000000002763    0x17f91 ./Core/Src/main.o
 .debug_macro   0x000000000001a6f4       0x6d ./Core/Src/main.o
 .debug_macro   0x000000000001a761     0x36dd ./Core/Src/main.o
 .debug_macro   0x000000000001de3e      0x174 ./Core/Src/main.o
 .debug_macro   0x000000000001dfb2       0x5c ./Core/Src/main.o
 .debug_macro   0x000000000001e00e      0xca5 ./Core/Src/main.o
 .debug_macro   0x000000000001ecb3      0x9fe ./Core/Src/main.o
 .debug_macro   0x000000000001f6b1      0x116 ./Core/Src/main.o
 .debug_macro   0x000000000001f7c7      0x157 ./Core/Src/main.o
 .debug_macro   0x000000000001f91e       0xa5 ./Core/Src/main.o
 .debug_macro   0x000000000001f9c3      0x182 ./Core/Src/main.o
 .debug_macro   0x000000000001fb45      0x287 ./Core/Src/main.o
 .debug_macro   0x000000000001fdcc       0x5f ./Core/Src/main.o
 .debug_macro   0x000000000001fe2b      0x236 ./Core/Src/main.o
 .debug_macro   0x0000000000020061      0x132 ./Core/Src/main.o
 .debug_macro   0x0000000000020193      0x41d ./Core/Src/main.o
 .debug_macro   0x00000000000205b0       0x2e ./Core/Src/main.o
 .debug_macro   0x00000000000205de      0x11a ./Core/Src/main.o
 .debug_macro   0x00000000000206f8       0xe2 ./Core/Src/main.o
 .debug_macro   0x00000000000207da       0x89 ./Core/Src/main.o
 .debug_macro   0x0000000000020863      0x225 ./Core/Src/main.o
 .debug_macro   0x0000000000020a88      0x295 ./Core/Src/main.o
 .debug_macro   0x0000000000020d1d      0x134 ./Core/Src/main.o
 .debug_macro   0x0000000000020e51       0x4c ./Core/Src/main.o
 .debug_macro   0x0000000000020e9d       0x52 ./Core/Src/main.o
 .debug_macro   0x0000000000020eef       0x1e ./Core/Src/main.o
 .debug_macro   0x0000000000020f0d       0x3c ./Core/Src/main.o
 .debug_macro   0x0000000000020f49       0x34 ./Core/Src/main.o
 .debug_macro   0x0000000000020f7d       0x16 ./Core/Src/main.o
 .debug_macro   0x0000000000020f93       0x35 ./Core/Src/main.o
 .debug_macro   0x0000000000020fc8      0x341 ./Core/Src/main.o
 .debug_macro   0x0000000000021309       0x10 ./Core/Src/main.o
 .debug_macro   0x0000000000021319       0x16 ./Core/Src/main.o
 .debug_macro   0x000000000002132f       0x43 ./Core/Src/main.o
 .debug_macro   0x0000000000021372       0x34 ./Core/Src/main.o
 .debug_macro   0x00000000000213a6       0x10 ./Core/Src/main.o
 .debug_macro   0x00000000000213b6       0x58 ./Core/Src/main.o
 .debug_macro   0x000000000002140e       0x71 ./Core/Src/main.o
 .debug_macro   0x000000000002147f       0x1c ./Core/Src/main.o
 .debug_macro   0x000000000002149b      0x12a ./Core/Src/main.o
 .debug_macro   0x00000000000215c5       0x10 ./Core/Src/main.o
 .debug_macro   0x00000000000215d5       0x1c ./Core/Src/main.o
 .debug_macro   0x00000000000215f1       0x52 ./Core/Src/main.o
 .debug_macro   0x0000000000021643       0x22 ./Core/Src/main.o
 .debug_macro   0x0000000000021665       0x10 ./Core/Src/main.o
 .debug_macro   0x0000000000021675       0x52 ./Core/Src/main.o
 .debug_macro   0x00000000000216c7       0xd5 ./Core/Src/main.o
 .debug_macro   0x000000000002179c       0x1c ./Core/Src/main.o
 .debug_macro   0x00000000000217b8       0x3d ./Core/Src/main.o
 .debug_macro   0x00000000000217f5       0x16 ./Core/Src/main.o
 .debug_macro   0x000000000002180b      0x145 ./Core/Src/main.o
 .debug_macro   0x0000000000021950      0x1d3 ./Core/Src/stm32f4xx_hal_msp.o
 .debug_macro   0x0000000000021b23      0x1dd ./Core/Src/stm32f4xx_it.o
 .debug_macro   0x0000000000021d00      0x1c4 ./Core/Src/system_stm32f4xx.o
 .debug_macro   0x0000000000021ec4      0x224 ./Drivers/STM32F4xx_HAL_Driver/Src/stm32f4xx_hal.o
 .debug_macro   0x00000000000220e8      0x1c4 ./Drivers/STM32F4xx_HAL_Driver/Src/stm32f4xx_hal_cortex.o
 .debug_macro   0x00000000000222ac      0x1ca ./Drivers/STM32F4xx_HAL_Driver/Src/stm32f4xx_hal_gpio.o
 .debug_macro   0x0000000000022476      0x1e8 ./Drivers/STM32F4xx_HAL_Driver/Src/stm32f4xx_hal_rcc.o
 .debug_macro   0x000000000002265e      0x1d3 ./Drivers/STM32F4xx_HAL_Driver/Src/stm32f4xx_hal_spi.o
 .debug_macro   0x0000000000022831      0x1c5 ./Drivers/STM32F4xx_HAL_Driver/Src/stm32f4xx_hal_uart.o

.debug_line     0x0000000000000000     0x96b5
 .debug_line    0x0000000000000000      0xc49 ./Core/Src/main.o
 .debug_line    0x0000000000000c49      0x739 ./Core/Src/stm32f4xx_hal_msp.o
 .debug_line    0x0000000000001382      0x760 ./Core/Src/stm32f4xx_it.o
 .debug_line    0x0000000000001ae2      0x71f ./Core/Src/system_stm32f4xx.o
 .debug_line    0x0000000000002201       0x88 ./Core/Startup/startup_stm32f429zitx.o
 .debug_line    0x0000000000002289      0x9bb ./Drivers/STM32F4xx_HAL_Driver/Src/stm32f4xx_hal.o
 .debug_line    0x0000000000002c44      0xc34 ./Drivers/STM32F4xx_HAL_Driver/Src/stm32f4xx_hal_cortex.o
 .debug_line    0x0000000000003878      0xb23 ./Drivers/STM32F4xx_HAL_Driver/Src/stm32f4xx_hal_gpio.o
 .debug_line    0x000000000000439b      0xd01 ./Drivers/STM32F4xx_HAL_Driver/Src/stm32f4xx_hal_rcc.o
 .debug_line    0x000000000000509c     0x1c0d ./Drivers/STM32F4xx_HAL_Driver/Src/stm32f4xx_hal_spi.o
 .debug_line    0x0000000000006ca9     0x2a0c ./Drivers/STM32F4xx_HAL_Driver/Src/stm32f4xx_hal_uart.o

.debug_str      0x0000000000000000    0xd33d9
 .debug_str     0x0000000000000000    0xd13f9 ./Core/Src/main.o
                                      0xd175c (size before relaxing)
 .debug_str     0x00000000000d13f9       0xaa ./Core/Src/stm32f4xx_hal_msp.o
                                      0xcd24f (size before relaxing)
 .debug_str     0x00000000000d14a3       0xc9 ./Core/Src/stm32f4xx_it.o
                                      0xccafd (size before relaxing)
 .debug_str     0x00000000000d156c       0xdb ./Core/Src/system_stm32f4xx.o
                                      0xccaf9 (size before relaxing)
 .debug_str     0x00000000000d1647       0x36 ./Core/Startup/startup_stm32f429zitx.o
                                         0x6e (size before relaxing)
 .debug_str     0x00000000000d167d      0xb73 ./Drivers/STM32F4xx_HAL_Driver/Src/stm32f4xx_hal.o
                                      0xcd71c (size before relaxing)
 .debug_str     0x00000000000d21f0      0x34a ./Drivers/STM32F4xx_HAL_Driver/Src/stm32f4xx_hal_cortex.o
                                      0xcd401 (size before relaxing)
 .debug_str     0x00000000000d253a      0x109 ./Drivers/STM32F4xx_HAL_Driver/Src/stm32f4xx_hal_gpio.o
                                      0xccc74 (size before relaxing)
 .debug_str     0x00000000000d2643      0x233 ./Drivers/STM32F4xx_HAL_Driver/Src/stm32f4xx_hal_rcc.o
                                      0xccf2d (size before relaxing)
 .debug_str     0x00000000000d2876      0x581 ./Drivers/STM32F4xx_HAL_Driver/Src/stm32f4xx_hal_spi.o
                                      0xcd3aa (size before relaxing)
 .debug_str     0x00000000000d2df7      0x5e2 ./Drivers/STM32F4xx_HAL_Driver/Src/stm32f4xx_hal_uart.o
                                      0xcd4b9 (size before relaxing)

.comment        0x0000000000000000       0x50
 .comment       0x0000000000000000       0x50 ./Core/Src/main.o
                                         0x51 (size before relaxing)
 .comment       0x0000000000000050       0x51 ./Core/Src/stm32f4xx_hal_msp.o
 .comment       0x0000000000000050       0x51 ./Core/Src/stm32f4xx_it.o
 .comment       0x0000000000000050       0x51 ./Core/Src/system_stm32f4xx.o
 .comment       0x0000000000000050       0x51 ./Drivers/STM32F4xx_HAL_Driver/Src/stm32f4xx_hal.o
 .comment       0x0000000000000050       0x51 ./Drivers/STM32F4xx_HAL_Driver/Src/stm32f4xx_hal_cortex.o
 .comment       0x0000000000000050       0x51 ./Drivers/STM32F4xx_HAL_Driver/Src/stm32f4xx_hal_gpio.o
 .comment       0x0000000000000050       0x51 ./Drivers/STM32F4xx_HAL_Driver/Src/stm32f4xx_hal_rcc.o
 .comment       0x0000000000000050       0x51 ./Drivers/STM32F4xx_HAL_Driver/Src/stm32f4xx_hal_spi.o
 .comment       0x0000000000000050       0x51 ./Drivers/STM32F4xx_HAL_Driver/Src/stm32f4xx_hal_uart.o

.debug_frame    0x0000000000000000     0x236c
 .debug_frame   0x0000000000000000      0x2a4 ./Core/Src/main.o
 .debug_frame   0x00000000000002a4       0xc4 ./Core/Src/stm32f4xx_hal_msp.o
 .debug_frame   0x0000000000000368      0x104 ./Core/Src/stm32f4xx_it.o
 .debug_frame   0x000000000000046c       0x58 ./Core/Src/system_stm32f4xx.o
 .debug_frame   0x00000000000004c4      0x3b4 ./Drivers/STM32F4xx_HAL_Driver/Src/stm32f4xx_hal.o
 .debug_frame   0x0000000000000878      0x498 ./Drivers/STM32F4xx_HAL_Driver/Src/stm32f4xx_hal_cortex.o
 .debug_frame   0x0000000000000d10      0x14c ./Drivers/STM32F4xx_HAL_Driver/Src/stm32f4xx_hal_gpio.o
 .debug_frame   0x0000000000000e5c      0x1f4 ./Drivers/STM32F4xx_HAL_Driver/Src/stm32f4xx_hal_rcc.o
 .debug_frame   0x0000000000001050      0x824 ./Drivers/STM32F4xx_HAL_Driver/Src/stm32f4xx_hal_spi.o
 .debug_frame   0x0000000000001874      0x92c ./Drivers/STM32F4xx_HAL_Driver/Src/stm32f4xx_hal_uart.o
 .debug_frame   0x00000000000021a0       0x2c c:/st/stm32cubeide_1.6.1/stm32cubeide/plugins/com.st.stm32cube.ide.mcu.externaltools.gnu-tools-for-stm32.10.3-2021.10.win32_1.0.0.202111181127/tools/bin/../lib/gcc/arm-none-eabi/10.3.1/../../../../arm-none-eabi/lib/thumb/v7e-m+fp/hard\libc_nano.a(lib_a-init.o)
 .debug_frame   0x00000000000021cc       0x20 c:/st/stm32cubeide_1.6.1/stm32cubeide/plugins/com.st.stm32cube.ide.mcu.externaltools.gnu-tools-for-stm32.10.3-2021.10.win32_1.0.0.202111181127/tools/bin/../lib/gcc/arm-none-eabi/10.3.1/../../../../arm-none-eabi/lib/thumb/v7e-m+fp/hard\libc_nano.a(lib_a-memset.o)
 .debug_frame   0x00000000000021ec       0xac c:/st/stm32cubeide_1.6.1/stm32cubeide/plugins/com.st.stm32cube.ide.mcu.externaltools.gnu-tools-for-stm32.10.3-2021.10.win32_1.0.0.202111181127/tools/bin/../lib/gcc/arm-none-eabi/10.3.1/thumb/v7e-m+fp/hard\libgcc.a(_arm_addsubdf3.o)
 .debug_frame   0x0000000000002298       0x50 c:/st/stm32cubeide_1.6.1/stm32cubeide/plugins/com.st.stm32cube.ide.mcu.externaltools.gnu-tools-for-stm32.10.3-2021.10.win32_1.0.0.202111181127/tools/bin/../lib/gcc/arm-none-eabi/10.3.1/thumb/v7e-m+fp/hard\libgcc.a(_arm_muldivdf3.o)
 .debug_frame   0x00000000000022e8       0x24 c:/st/stm32cubeide_1.6.1/stm32cubeide/plugins/com.st.stm32cube.ide.mcu.externaltools.gnu-tools-for-stm32.10.3-2021.10.win32_1.0.0.202111181127/tools/bin/../lib/gcc/arm-none-eabi/10.3.1/thumb/v7e-m+fp/hard\libgcc.a(_arm_truncdfsf2.o)
 .debug_frame   0x000000000000230c       0x2c c:/st/stm32cubeide_1.6.1/stm32cubeide/plugins/com.st.stm32cube.ide.mcu.externaltools.gnu-tools-for-stm32.10.3-2021.10.win32_1.0.0.202111181127/tools/bin/../lib/gcc/arm-none-eabi/10.3.1/thumb/v7e-m+fp/hard\libgcc.a(_aeabi_uldivmod.o)
 .debug_frame   0x0000000000002338       0x34 c:/st/stm32cubeide_1.6.1/stm32cubeide/plugins/com.st.stm32cube.ide.mcu.externaltools.gnu-tools-for-stm32.10.3-2021.10.win32_1.0.0.202111181127/tools/bin/../lib/gcc/arm-none-eabi/10.3.1/thumb/v7e-m+fp/hard\libgcc.a(_udivmoddi4.o)
