../Core/Src/main.c:154:6:CS_Config_Low	8	static
../Core/Src/main.c:160:6:CS_Config_High	8	static
../Core/Src/main.c:166:9:SPI_Read_Write	24	static
../Core/Src/main.c:178:9:Read_Register	24	static
../Core/Src/main.c:188:6:Write_Register	16	static
../Core/Src/main.c:198:6:Filter_IIR	24	static
../Core/Src/main.c:205:6:Power_Mode	24	static
../Core/Src/main.c:212:6:Temperature_OS	24	static
../Core/Src/main.c:219:6:StandbyTime	24	static
../Core/Src/main.c:228:9:getID	8	static
../Core/Src/main.c:233:6:Reset	8	static
../Core/Src/main.c:241:7:BMP280_Convert_Formula	56	static
../Core/Src/main.c:252:6:Measure	16	static
../Core/Src/main.c:272:9:Init_Sensor	8	static
../Core/Src/main.c:299:5:main	112	static
../Core/Src/main.c:422:6:SystemClock_Config	88	static
../Core/Src/main.c:467:13:MX_SPI1_Init	8	static
../Core/Src/main.c:505:13:MX_USART1_UART_Init	8	static
../Core/Src/main.c:538:13:MX_GPIO_Init	40	static
../Core/Src/main.c:583:6:Error_Handler	4	static,ignoring_inline_asm
