../Core/Src/main.c:95:6:toggle	24	static
../Core/Src/main.c:110:6:leds_sequence	16	static
../Core/Src/main.c:139:5:_write	24	static
../Core/Src/main.c:151:5:main	8	static
../Core/Src/main.c:247:6:SystemClock_Config	88	static
../Core/Src/main.c:292:13:MX_USART1_UART_Init	8	static
../Core/Src/main.c:325:13:MX_GPIO_Init	40	static
../Core/Src/main.c:359:6:HAL_UART_TxCpltCallback	16	static
../Core/Src/main.c:366:6:HAL_UART_RxCpltCallback	16	static
../Core/Src/main.c:403:6:HAL_GPIO_EXTI_Callback	16	static
../Core/Src/main.c:446:6:Error_Handler	4	static,ignoring_inline_asm
